06-29 09:43:54.061   735  1114 D WifiThroughputPredictor:  utilization (LLS) 80 isBluetoothConnected: false final utilization: 80
06-29 09:43:54.061   735  1114 D WifiThroughputPredictor:  BW: 0 RSSI: -50 Nss: 1 Mode: 1 symDur: 4000 snrDb 30 bitPerTone: 4500 rate: 54 throughput: 11
06-29 09:43:54.062   735  1114 D WifiScoreCard: BSSID update SIGNAL_POLL ID: 2076487524 SSID: "AndroidWifi", BSSID: 00:13:10:85:fe:01, MAC: 02:15:b2:00:00:00, IP: /10.0.2.16, Security type: 0, Supplicant state: COMPLETED, Wi-Fi standard: legacy, RSSI: -50, Link speed: 2Mbps, Tx Link speed: 2Mbps, Max Supported Tx Link speed: 11Mbps, Rx Link speed: 2Mbps, Max Supported Rx Link speed: 11Mbps, Frequency: 2447MHz, Net ID: 0, Metered hint: false, score: 60, isUsable: true, CarrierMerged: false, SubscriptionId: -1, IsPrimary: 1, Trusted: true, Restricted: false, Ephemeral: false, OEM paid: false, OEM private: false, OSU AP: false, FQDN: <none>, Provider friendly name: <none>, Requesting package name: <none>"AndroidWifi"openMLO Information: , Is TID-To-Link negotiation supported by the AP: false, AP MLD Address: <none>, AP MLO Link Id: <none>, AP MLO Affiliated links: <none>, Vendor Data: <none>
06-29 09:43:54.062   735  1114 D WifiScoreCard: txRate: 7 txSpeed: 2
06-29 09:43:54.062   735  1114 D WifiScoreCard: network update SIGNAL_POLL "AndroidWifi" ID: 443710621 RSSI -50 txSpeed 2
06-29 09:43:54.062   735  1114 D WifiClientModeImpl[78975:wlan0]:  ClientModeImpl$L2ConnectedState screen=on 1 0 "AndroidWifi" 00:13:10:85:fe:01 rssi=-50 f=2447 sc=60 link=2 tx=6.5, 0.0, 0.0 rx=6.3 bcn=0 [on:0 tx:0 rx:0 period:3016] from screen [on:0 period:314806222] score=60
06-29 09:43:54.818  6272  6389 W abht    : (REDACTED) [%s] response code: %d
06-29 09:43:55.046   735  3154 E TaskPersister: File error accessing recents directory (directory doesn't exist?).
06-29 09:43:57.069   735  1114 D WifiClientModeImpl[78975:wlan0]: updateLinkLayerStatsRssiSpeedFrequencyCapabilities rssi=-50 TxLinkspeed=1 freq=2447 RxLinkSpeed=2
06-29 09:43:57.070   735  1114 D WifiDataStall: tx tput in kbps: 11000
06-29 09:43:57.070   735  1114 D WifiDataStall: rx tput in kbps: 11000
06-29 09:43:57.070   735  1114 V WifiConfigManager: Updating scan detail cache freq=2447 BSSID=00:13:10:85:fe:01 RSSI=-50 for "AndroidWifi"NONE
06-29 09:43:57.071   735  1114 D WifiThroughputPredictor:  utilization (LLS) 80 isBluetoothConnected: false final utilization: 80
06-29 09:43:57.071   735  1114 D WifiThroughputPredictor:  BW: 0 RSSI: -50 Nss: 1 Mode: 1 symDur: 4000 snrDb 30 bitPerTone: 4500 rate: 54 throughput: 11
06-29 09:43:57.071   735  1114 D WifiThroughputPredictor:  utilization (LLS) 80 isBluetoothConnected: false final utilization: 80
06-29 09:43:57.071   735  1114 D WifiThroughputPredictor:  BW: 0 RSSI: -50 Nss: 1 Mode: 1 symDur: 4000 snrDb 30 bitPerTone: 4500 rate: 54 throughput: 11
06-29 09:43:57.071   735  1114 D WifiThroughputPredictor:  utilization (LLS) 80 isBluetoothConnected: false final utilization: 80
06-29 09:43:57.071   735  1114 D WifiThroughputPredictor:  BW: 0 RSSI: -50 Nss: 1 Mode: 1 symDur: 4000 snrDb 30 bitPerTone: 4500 rate: 54 throughput: 11
06-29 09:43:57.072   735  1114 D WifiThroughputPredictor:  utilization (LLS) 80 isBluetoothConnected: false final utilization: 80
06-29 09:43:57.072   735  1114 D WifiThroughputPredictor:  BW: 0 RSSI: -50 Nss: 1 Mode: 1 symDur: 4000 snrDb 30 bitPerTone: 4500 rate: 54 throughput: 11
06-29 09:43:57.072   735  1114 D WifiScoreCard: BSSID update SIGNAL_POLL ID: 2076487524 SSID: "AndroidWifi", BSSID: 00:13:10:85:fe:01, MAC: 02:15:b2:00:00:00, IP: /10.0.2.16, Security type: 0, Supplicant state: COMPLETED, Wi-Fi standard: legacy, RSSI: -50, Link speed: 1Mbps, Tx Link speed: 1Mbps, Max Supported Tx Link speed: 11Mbps, Rx Link speed: 2Mbps, Max Supported Rx Link speed: 11Mbps, Frequency: 2447MHz, Net ID: 0, Metered hint: false, score: 60, isUsable: true, CarrierMerged: false, SubscriptionId: -1, IsPrimary: 1, Trusted: true, Restricted: false, Ephemeral: false, OEM paid: false, OEM private: false, OSU AP: false, FQDN: <none>, Provider friendly name: <none>, Requesting package name: <none>"AndroidWifi"openMLO Information: , Is TID-To-Link negotiation supported by the AP: false, AP MLD Address: <none>, AP MLO Link Id: <none>, AP MLO Affiliated links: <none>, Vendor Data: <none>
06-29 09:43:57.072   735  1114 D WifiScoreCard: txRate: 4 txSpeed: 1
06-29 09:43:57.073   735  1114 D WifiScoreCard: network update SIGNAL_POLL "AndroidWifi" ID: 443710621 RSSI -50 txSpeed 1
06-29 09:43:57.073   735  1114 D WifiClientModeImpl[78975:wlan0]:  ClientModeImpl$L2ConnectedState screen=on 1 0 "AndroidWifi" 00:13:10:85:fe:01 rssi=-50 f=2447 sc=60 link=1 tx=3.6, 0.0, 0.0 rx=3.5 bcn=0 [on:0 tx:0 rx:0 period:3010] from screen [on:0 period:314809233] score=60
06-29 09:43:58.286   735  2078 D OomAdjuster: Not killing cached processes
06-29 09:44:00.098   735  1114 D WifiClientModeImpl[78975:wlan0]: updateLinkLayerStatsRssiSpeedFrequencyCapabilities rssi=-50 TxLinkspeed=2 freq=2447 RxLinkSpeed=2
06-29 09:44:00.098   735  1114 D WifiDataStall: tx tput in kbps: 11000
06-29 09:44:00.099   735  1114 D WifiDataStall: rx tput in kbps: 11000
06-29 09:44:00.099   735  1114 V WifiConfigManager: Updating scan detail cache freq=2447 BSSID=00:13:10:85:fe:01 RSSI=-50 for "AndroidWifi"NONE
06-29 09:44:00.099   735  1114 D WifiThroughputPredictor:  utilization (LLS) 80 isBluetoothConnected: false final utilization: 80
06-29 09:44:00.099   735  1114 D WifiThroughputPredictor:  BW: 0 RSSI: -50 Nss: 1 Mode: 1 symDur: 4000 snrDb 30 bitPerTone: 4500 rate: 54 throughput: 11
06-29 09:44:00.099   735  1114 D WifiThroughputPredictor:  utilization (LLS) 80 isBluetoothConnected: false final utilization: 80
06-29 09:44:00.101   735  1114 D WifiThroughputPredictor:  BW: 0 RSSI: -50 Nss: 1 Mode: 1 symDur: 4000 snrDb 30 bitPerTone: 4500 rate: 54 throughput: 11
06-29 09:44:00.102   735  1114 D WifiThroughputPredictor:  utilization (LLS) 80 isBluetoothConnected: false final utilization: 80
06-29 09:44:00.102   735  1114 D WifiThroughputPredictor:  BW: 0 RSSI: -50 Nss: 1 Mode: 1 symDur: 4000 snrDb 30 bitPerTone: 4500 rate: 54 throughput: 11
06-29 09:44:00.103   735  1114 D WifiThroughputPredictor:  utilization (LLS) 80 isBluetoothConnected: false final utilization: 80
06-29 09:44:00.103   735  1114 D WifiThroughputPredictor:  BW: 0 RSSI: -50 Nss: 1 Mode: 1 symDur: 4000 snrDb 30 bitPerTone: 4500 rate: 54 throughput: 11
06-29 09:44:00.104   735  1114 D WifiScoreCard: BSSID update SIGNAL_POLL ID: 2076487524 SSID: "AndroidWifi", BSSID: 00:13:10:85:fe:01, MAC: 02:15:b2:00:00:00, IP: /10.0.2.16, Security type: 0, Supplicant state: COMPLETED, Wi-Fi standard: legacy, RSSI: -50, Link speed: 2Mbps, Tx Link speed: 2Mbps, Max Supported Tx Link speed: 11Mbps, Rx Link speed: 2Mbps, Max Supported Rx Link speed: 11Mbps, Frequency: 2447MHz, Net ID: 0, Metered hint: false, score: 60, isUsable: true, CarrierMerged: false, SubscriptionId: -1, IsPrimary: 1, Trusted: true, Restricted: false, Ephemeral: false, OEM paid: false, OEM private: false, OSU AP: false, FQDN: <none>, Provider friendly name: <none>, Requesting package name: <none>"AndroidWifi"openMLO Information: , Is TID-To-Link negotiation supported by the AP: false, AP MLD Address: <none>, AP MLO Link Id: <none>, AP MLO Affiliated links: <none>, Vendor Data: <none>
06-29 09:44:00.104   735  1114 D WifiScoreCard: txRate: 2 txSpeed: 2
06-29 09:44:00.105   735  1114 D WifiScoreCard: network update SIGNAL_POLL "AndroidWifi" ID: 443710621 RSSI -50 txSpeed -1
06-29 09:44:00.105   735  1114 D WifiClientModeImpl[78975:wlan0]:  ClientModeImpl$L2ConnectedState screen=on 1 0 "AndroidWifi" 00:13:10:85:fe:01 rssi=-50 f=2447 sc=60 link=2 tx=1.3, 0.0, 0.0 rx=1.3 bcn=0 [on:0 tx:0 rx:0 period:3032] from screen [on:0 period:314812265] score=60
06-29 09:44:01.217   735   847 D ActivityManager: freezing 6272 com.google.android.googlequicksearchbox:search
06-29 09:44:02.812  1398  1648 D SatelliteController: iisInCarrierRoamingNbIotNtn: satellite is disabled
06-29 09:44:03.113   735  1114 D WifiClientModeImpl[78975:wlan0]: updateLinkLayerStatsRssiSpeedFrequencyCapabilities rssi=-50 TxLinkspeed=2 freq=2447 RxLinkSpeed=2
06-29 09:44:03.114   735  1114 D WifiDataStall: tx tput in kbps: 11000
06-29 09:44:03.114   735  1114 D WifiDataStall: rx tput in kbps: 11000
06-29 09:44:03.114   735  1114 V WifiConfigManager: Updating scan detail cache freq=2447 BSSID=00:13:10:85:fe:01 RSSI=-50 for "AndroidWifi"NONE
06-29 09:44:03.114   735  1114 D WifiThroughputPredictor:  utilization (LLS) 80 isBluetoothConnected: false final utilization: 80
06-29 09:44:03.115   735  1114 D WifiThroughputPredictor:  BW: 0 RSSI: -50 Nss: 1 Mode: 1 symDur: 4000 snrDb 30 bitPerTone: 4500 rate: 54 throughput: 11
06-29 09:44:03.115   735  1114 D WifiThroughputPredictor:  utilization (LLS) 80 isBluetoothConnected: false final utilization: 80
06-29 09:44:03.115   735  1114 D WifiThroughputPredictor:  BW: 0 RSSI: -50 Nss: 1 Mode: 1 symDur: 4000 snrDb 30 bitPerTone: 4500 rate: 54 throughput: 11
06-29 09:44:03.115   735  1114 D WifiThroughputPredictor:  utilization (LLS) 80 isBluetoothConnected: false final utilization: 80
06-29 09:44:03.115   735  1114 D WifiThroughputPredictor:  BW: 0 RSSI: -50 Nss: 1 Mode: 1 symDur: 4000 snrDb 30 bitPerTone: 4500 rate: 54 throughput: 11
06-29 09:44:03.115   735  1114 D WifiThroughputPredictor:  utilization (LLS) 80 isBluetoothConnected: false final utilization: 80
06-29 09:44:03.115   735  1114 D WifiThroughputPredictor:  BW: 0 RSSI: -50 Nss: 1 Mode: 1 symDur: 4000 snrDb 30 bitPerTone: 4500 rate: 54 throughput: 11
06-29 09:44:03.116   735  1114 D WifiScoreCard: BSSID update SIGNAL_POLL ID: 2076487524 SSID: "AndroidWifi", BSSID: 00:13:10:85:fe:01, MAC: 02:15:b2:00:00:00, IP: /10.0.2.16, Security type: 0, Supplicant state: COMPLETED, Wi-Fi standard: legacy, RSSI: -50, Link speed: 2Mbps, Tx Link speed: 2Mbps, Max Supported Tx Link speed: 11Mbps, Rx Link speed: 2Mbps, Max Supported Rx Link speed: 11Mbps, Frequency: 2447MHz, Net ID: 0, Metered hint: false, score: 60, isUsable: true, CarrierMerged: false, SubscriptionId: -1, IsPrimary: 1, Trusted: true, Restricted: false, Ephemeral: false, OEM paid: false, OEM private: false, OSU AP: false, FQDN: <none>, Provider friendly name: <none>, Requesting package name: <none>"AndroidWifi"openMLO Information: , Is TID-To-Link negotiation supported by the AP: false, AP MLD Address: <none>, AP MLO Link Id: <none>, AP MLO Affiliated links: <none>, Vendor Data: <none>
06-29 09:44:03.116   735  1114 D WifiScoreCard: txRate: 1 txSpeed: 2
06-29 09:44:03.116   735  1114 D WifiScoreCard: network update SIGNAL_POLL "AndroidWifi" ID: 443710621 RSSI -50 txSpeed -1
06-29 09:44:03.117   735  1114 D WifiClientModeImpl[78975:wlan0]:  ClientModeImpl$L2ConnectedState screen=on 1 0 "AndroidWifi" 00:13:10:85:fe:01 rssi=-50 f=2447 sc=60 link=2 tx=0.4, 0.0, 0.0 rx=0.4 bcn=0 [on:0 tx:0 rx:0 period:3000] from screen [on:0 period:314815277] score=60
06-29 09:44:03.457  1789  1846 D PickerSyncController: Attempting to enable cloud media queries.
06-29 09:44:03.457  1789  1846 D PickerSyncLockManager: Trying to acquire lock com.android.providers.media.photopicker.sync.CloseableReentrantLock@60a7587[Unlocked]. Lock Name = CLOUD_SYNC_LOCK. Threads that may be waiting to acquire this lock = [] with timeout.
06-29 09:44:03.458  1789  1846 D CloseableReentrantLock: Successfully acquired lock com.android.providers.media.photopicker.sync.CloseableReentrantLock@60a7587[Locked by thread com.android.providers.media.internal.modules.utils.BackgroundThread]. Lock Name = CLOUD_SYNC_LOCK. Threads that may be waiting to acquire this lock = []
06-29 09:44:03.458  1789  1846 D PickerSyncLockManager: Trying to acquire lock com.android.providers.media.photopicker.sync.CloseableReentrantLock@1919798[Unlocked]. Lock Name = CLOUD_PROVIDER_LOCK. Threads that may be waiting to acquire this lock = [] with timeout.
06-29 09:44:03.458  1789  1846 D CloseableReentrantLock: Successfully acquired lock com.android.providers.media.photopicker.sync.CloseableReentrantLock@1919798[Locked by thread com.android.providers.media.internal.modules.utils.BackgroundThread]. Lock Name = CLOUD_PROVIDER_LOCK. Threads that may be waiting to acquire this lock = []
06-29 09:44:03.458  1789  1846 D CloseableReentrantLock: Successfully released lock com.android.providers.media.photopicker.sync.CloseableReentrantLock@1919798[Unlocked]. Lock Name = CLOUD_PROVIDER_LOCK. Threads that may be waiting to acquire this lock = []
06-29 09:44:03.458  1789  1846 D PickerSyncLockManager: Trying to acquire lock com.android.providers.media.photopicker.sync.CloseableReentrantLock@1919798[Unlocked]. Lock Name = CLOUD_PROVIDER_LOCK. Threads that may be waiting to acquire this lock = [] with timeout.
06-29 09:44:03.459  1789  1846 D CloseableReentrantLock: Successfully acquired lock com.android.providers.media.photopicker.sync.CloseableReentrantLock@1919798[Locked by thread com.android.providers.media.internal.modules.utils.BackgroundThread]. Lock Name = CLOUD_PROVIDER_LOCK. Threads that may be waiting to acquire this lock = []
06-29 09:44:03.459  1789  1846 D PickerSyncController: getSyncRequestParams() CLOUD, auth=com.google.android.apps.photos.cloudpicker
06-29 09:44:03.460   735  1473 D OomAdjuster: Not killing cached processes
06-29 09:44:03.463   735  1473 D ActivityManager: sync unfroze 6654 com.google.android.apps.photos for 7
06-29 09:44:03.464   735  1166 D BackgroundInstallControlService: Package event received: 0
06-29 09:44:03.467  6654  7008 W libc    : Access denied finding property "ro.debuggable"
06-29 09:44:03.467  1789  1846 D PickerSyncController:    Latest ID/Gen=null/0
06-29 09:44:03.468  1789  1846 D PickerSyncController:    Cached ID/Gen=null/-1
06-29 09:44:03.468  1789  1846 D CloseableReentrantLock: Successfully released lock com.android.providers.media.photopicker.sync.CloseableReentrantLock@1919798[Unlocked]. Lock Name = CLOUD_PROVIDER_LOCK. Threads that may be waiting to acquire this lock = []
06-29 09:44:03.468  1789  1846 D CloseableReentrantLock: Successfully released lock com.android.providers.media.photopicker.sync.CloseableReentrantLock@60a7587[Unlocked]. Lock Name = CLOUD_SYNC_LOCK. Threads that may be waiting to acquire this lock = []
06-29 09:44:03.468  1789  1846 D PickerSyncController: Error occurred, remaining retry count: 0
06-29 09:44:03.468  1789  1846 D PickerSyncController: java.lang.IllegalStateException: Unexpected Latest Media Collection Info: ID/Gen=null/0
06-29 09:44:03.468  1789  1846 D PickerSyncController: 	at com.android.providers.media.photopicker.PickerSyncController.getSyncRequestParamsLocked(PickerSyncController.java:1554)
06-29 09:44:03.468  1789  1846 D PickerSyncController: 	at com.android.providers.media.photopicker.PickerSyncController.getSyncRequestParams(PickerSyncController.java:1514)
06-29 09:44:03.468  1789  1846 D PickerSyncController: 	at com.android.providers.media.photopicker.PickerSyncController.maybeEnableCloudMediaQueries(PickerSyncController.java:355)
06-29 09:44:03.468  1789  1846 D PickerSyncController: 	at com.android.providers.media.photopicker.PickerSyncController.lambda$tryEnablingCloudMediaQueries$0(PickerSyncController.java:286)
06-29 09:44:03.468  1789  1846 D PickerSyncController: 	at com.android.providers.media.photopicker.PickerSyncController.$r8$lambda$igHbLHRBgFxI5G0Bp5TN28PcQJ4(PickerSyncController.java:0)
06-29 09:44:03.468  1789  1846 D PickerSyncController: 	at com.android.providers.media.photopicker.PickerSyncController$$ExternalSyntheticLambda1.run(R8$$SyntheticClass:0)
06-29 09:44:03.468  1789  1846 D PickerSyncController: 	at android.os.Handler.handleCallback(Handler.java:995)
06-29 09:44:03.468  1789  1846 D PickerSyncController: 	at android.os.Handler.dispatchMessage(Handler.java:103)
06-29 09:44:03.468  1789  1846 D PickerSyncController: 	at android.os.Looper.loopOnce(Looper.java:248)
06-29 09:44:03.468  1789  1846 D PickerSyncController: 	at android.os.Looper.loop(Looper.java:338)
06-29 09:44:03.468  1789  1846 D PickerSyncController: 	at android.os.HandlerThread.run(HandlerThread.java:85)
06-29 09:44:03.460  6654  6654 W binder:6654_5: type=1400 audit(0.0:63): avc:  denied  { read } for  name="u:object_r:userdebug_or_eng_prop:s0" dev="tmpfs" ino=375 scontext=u:r:untrusted_app:s0:c160,c256,c512,c768 tcontext=u:object_r:userdebug_or_eng_prop:s0 tclass=file permissive=0 app=com.google.android.apps.photos
06-29 09:44:03.522   521   556 I netd    : tetherGetStats() -> {[]} <0.64ms>
06-29 09:44:06.125   735  1114 D WifiClientModeImpl[78975:wlan0]: updateLinkLayerStatsRssiSpeedFrequencyCapabilities rssi=-50 TxLinkspeed=2 freq=2447 RxLinkSpeed=2
06-29 09:44:06.125   735  1114 D WifiDataStall: tx tput in kbps: 11000
06-29 09:44:06.126   735  1114 D WifiDataStall: rx tput in kbps: 11000
06-29 09:44:06.126   735  1114 V WifiConfigManager: Updating scan detail cache freq=2447 BSSID=00:13:10:85:fe:01 RSSI=-50 for "AndroidWifi"NONE
06-29 09:44:06.126   735  1114 D WifiThroughputPredictor:  utilization (LLS) 80 isBluetoothConnected: false final utilization: 80
06-29 09:44:06.126   735  1114 D WifiThroughputPredictor:  BW: 0 RSSI: -50 Nss: 1 Mode: 1 symDur: 4000 snrDb 30 bitPerTone: 4500 rate: 54 throughput: 11
06-29 09:44:06.127   735  1114 D WifiThroughputPredictor:  utilization (LLS) 80 isBluetoothConnected: false final utilization: 80
06-29 09:44:06.127   735  1114 D WifiThroughputPredictor:  BW: 0 RSSI: -50 Nss: 1 Mode: 1 symDur: 4000 snrDb 30 bitPerTone: 4500 rate: 54 throughput: 11
06-29 09:44:06.127   735  1114 D WifiThroughputPredictor:  utilization (LLS) 80 isBluetoothConnected: false final utilization: 80
06-29 09:44:06.127   735  1114 D WifiThroughputPredictor:  BW: 0 RSSI: -50 Nss: 1 Mode: 1 symDur: 4000 snrDb 30 bitPerTone: 4500 rate: 54 throughput: 11
06-29 09:44:06.128   735  1114 D WifiThroughputPredictor:  utilization (LLS) 80 isBluetoothConnected: false final utilization: 80
06-29 09:44:06.128   735  1114 D WifiThroughputPredictor:  BW: 0 RSSI: -50 Nss: 1 Mode: 1 symDur: 4000 snrDb 30 bitPerTone: 4500 rate: 54 throughput: 11
06-29 09:44:06.129   735  1114 D WifiScoreCard: BSSID update SIGNAL_POLL ID: 2076487524 SSID: "AndroidWifi", BSSID: 00:13:10:85:fe:01, MAC: 02:15:b2:00:00:00, IP: /10.0.2.16, Security type: 0, Supplicant state: COMPLETED, Wi-Fi standard: legacy, RSSI: -50, Link speed: 2Mbps, Tx Link speed: 2Mbps, Max Supported Tx Link speed: 11Mbps, Rx Link speed: 2Mbps, Max Supported Rx Link speed: 11Mbps, Frequency: 2447MHz, Net ID: 0, Metered hint: false, score: 60, isUsable: true, CarrierMerged: false, SubscriptionId: -1, IsPrimary: 1, Trusted: true, Restricted: false, Ephemeral: false, OEM paid: false, OEM private: false, OSU AP: false, FQDN: <none>, Provider friendly name: <none>, Requesting package name: <none>"AndroidWifi"openMLO Information: , Is TID-To-Link negotiation supported by the AP: false, AP MLD Address: <none>, AP MLO Link Id: <none>, AP MLO Affiliated links: <none>, Vendor Data: <none>
06-29 09:44:06.129   735  1114 D WifiScoreCard: txRate: 1 txSpeed: 2
06-29 09:44:06.129   735  1114 D WifiScoreCard: network update SIGNAL_POLL "AndroidWifi" ID: 443710621 RSSI -50 txSpeed -1
06-29 09:44:06.129   735  1114 D WifiClientModeImpl[78975:wlan0]:  ClientModeImpl$L2ConnectedState screen=on 1 0 "AndroidWifi" 00:13:10:85:fe:01 rssi=-50 f=2447 sc=60 link=2 tx=0.1, 0.0, 0.0 rx=0.1 bcn=0 [on:0 tx:0 rx:0 period:3012] from screen [on:0 period:314818289] score=60
06-29 09:44:09.140   735  1114 D WifiClientModeImpl[78975:wlan0]: updateLinkLayerStatsRssiSpeedFrequencyCapabilities rssi=-50 TxLinkspeed=2 freq=2447 RxLinkSpeed=2
06-29 09:44:09.141   735  1114 D WifiDataStall: tx tput in kbps: 11000
06-29 09:44:09.141   735  1114 D WifiDataStall: rx tput in kbps: 11000
06-29 09:44:09.141   735  1114 V WifiConfigManager: Updating scan detail cache freq=2447 BSSID=00:13:10:85:fe:01 RSSI=-50 for "AndroidWifi"NONE
06-29 09:44:09.141   735  1114 D WifiThroughputPredictor:  utilization (LLS) 80 isBluetoothConnected: false final utilization: 80
06-29 09:44:09.142   735  1114 D WifiThroughputPredictor:  BW: 0 RSSI: -50 Nss: 1 Mode: 1 symDur: 4000 snrDb 30 bitPerTone: 4500 rate: 54 throughput: 11
06-29 09:44:09.142   735  1114 D WifiThroughputPredictor:  utilization (LLS) 80 isBluetoothConnected: false final utilization: 80
06-29 09:44:09.142   735  1114 D WifiThroughputPredictor:  BW: 0 RSSI: -50 Nss: 1 Mode: 1 symDur: 4000 snrDb 30 bitPerTone: 4500 rate: 54 throughput: 11
06-29 09:44:09.142   735  1114 D WifiThroughputPredictor:  utilization (LLS) 80 isBluetoothConnected: false final utilization: 80
06-29 09:44:09.142   735  1114 D WifiThroughputPredictor:  BW: 0 RSSI: -50 Nss: 1 Mode: 1 symDur: 4000 snrDb 30 bitPerTone: 4500 rate: 54 throughput: 11
06-29 09:44:09.143   735  1114 D WifiThroughputPredictor:  utilization (LLS) 80 isBluetoothConnected: false final utilization: 80
06-29 09:44:09.143   735  1114 D WifiThroughputPredictor:  BW: 0 RSSI: -50 Nss: 1 Mode: 1 symDur: 4000 snrDb 30 bitPerTone: 4500 rate: 54 throughput: 11
06-29 09:44:09.143   735  1114 D WifiScoreCard: BSSID update SIGNAL_POLL ID: 2076487524 SSID: "AndroidWifi", BSSID: 00:13:10:85:fe:01, MAC: 02:15:b2:00:00:00, IP: /10.0.2.16, Security type: 0, Supplicant state: COMPLETED, Wi-Fi standard: legacy, RSSI: -50, Link speed: 2Mbps, Tx Link speed: 2Mbps, Max Supported Tx Link speed: 11Mbps, Rx Link speed: 2Mbps, Max Supported Rx Link speed: 11Mbps, Frequency: 2447MHz, Net ID: 0, Metered hint: false, score: 60, isUsable: true, CarrierMerged: false, SubscriptionId: -1, IsPrimary: 1, Trusted: true, Restricted: false, Ephemeral: false, OEM paid: false, OEM private: false, OSU AP: false, FQDN: <none>, Provider friendly name: <none>, Requesting package name: <none>"AndroidWifi"openMLO Information: , Is TID-To-Link negotiation supported by the AP: false, AP MLD Address: <none>, AP MLO Link Id: <none>, AP MLO Affiliated links: <none>, Vendor Data: <none>
06-29 09:44:09.144   735  1114 D WifiScoreCard: txRate: 1 txSpeed: 2
06-29 09:44:09.144   735  1114 D WifiScoreCard: network update SIGNAL_POLL "AndroidWifi" ID: 443710621 RSSI -50 txSpeed -1
06-29 09:44:09.144   735  1114 D WifiClientModeImpl[78975:wlan0]:  ClientModeImpl$L2ConnectedState screen=on 1 0 "AndroidWifi" 00:13:10:85:fe:01 rssi=-50 f=2447 sc=60 link=2 tx=0.0, 0.0, 0.0 rx=0.0 bcn=0 [on:0 tx:0 rx:0 period:3015] from screen [on:0 period:314821304] score=60
06-29 09:44:09.500   735   769 D OomAdjuster: Not killing cached processes
06-29 09:44:09.562   521   556 I netd    : tetherGetStats() -> {[]} <0.72ms>
06-29 09:44:12.118  1184  1184 I ot-daemon: [INFO]-UTILS---: Try to push threadnetwork ATOMs.
06-29 09:44:12.118  1184  1184 W ot-daemon: [WARN]-UTILS---: Some telemetries are not populated
06-29 09:44:12.119  1184  1184 I ot-daemon: [INFO]-UTILS---: Pushed threadnetwork ATOMs.
06-29 09:44:12.150   735  1114 D WifiClientModeImpl[78975:wlan0]: updateLinkLayerStatsRssiSpeedFrequencyCapabilities rssi=-50 TxLinkspeed=2 freq=2447 RxLinkSpeed=2
06-29 09:44:12.150   735  1114 D WifiDataStall: tx tput in kbps: 11000
06-29 09:44:12.151   735  1114 D WifiDataStall: rx tput in kbps: 11000
06-29 09:44:12.151   735  1114 V WifiConfigManager: Updating scan detail cache freq=2447 BSSID=00:13:10:85:fe:01 RSSI=-50 for "AndroidWifi"NONE
06-29 09:44:12.151   735  1114 D WifiThroughputPredictor:  utilization (LLS) 80 isBluetoothConnected: false final utilization: 80
06-29 09:44:12.152   735  1114 D WifiThroughputPredictor:  BW: 0 RSSI: -50 Nss: 1 Mode: 1 symDur: 4000 snrDb 30 bitPerTone: 4500 rate: 54 throughput: 11
06-29 09:44:12.152   735  1114 D WifiThroughputPredictor:  utilization (LLS) 80 isBluetoothConnected: false final utilization: 80
06-29 09:44:12.152   735  1114 D WifiThroughputPredictor:  BW: 0 RSSI: -50 Nss: 1 Mode: 1 symDur: 4000 snrDb 30 bitPerTone: 4500 rate: 54 throughput: 11
06-29 09:44:12.152   735  1114 D WifiThroughputPredictor:  utilization (LLS) 80 isBluetoothConnected: false final utilization: 80
06-29 09:44:12.153   735  1114 D WifiThroughputPredictor:  BW: 0 RSSI: -50 Nss: 1 Mode: 1 symDur: 4000 snrDb 30 bitPerTone: 4500 rate: 54 throughput: 11
06-29 09:44:12.153   735  1114 D WifiThroughputPredictor:  utilization (LLS) 80 isBluetoothConnected: false final utilization: 80
06-29 09:44:12.153   735  1114 D WifiThroughputPredictor:  BW: 0 RSSI: -50 Nss: 1 Mode: 1 symDur: 4000 snrDb 30 bitPerTone: 4500 rate: 54 throughput: 11
06-29 09:44:12.153   735  1114 D WifiScoreCard: BSSID update SIGNAL_POLL ID: 2076487524 SSID: "AndroidWifi", BSSID: 00:13:10:85:fe:01, MAC: 02:15:b2:00:00:00, IP: /10.0.2.16, Security type: 0, Supplicant state: COMPLETED, Wi-Fi standard: legacy, RSSI: -50, Link speed: 2Mbps, Tx Link speed: 2Mbps, Max Supported Tx Link speed: 11Mbps, Rx Link speed: 2Mbps, Max Supported Rx Link speed: 11Mbps, Frequency: 2447MHz, Net ID: 0, Metered hint: false, score: 60, isUsable: true, CarrierMerged: false, SubscriptionId: -1, IsPrimary: 1, Trusted: true, Restricted: false, Ephemeral: false, OEM paid: false, OEM private: false, OSU AP: false, FQDN: <none>, Provider friendly name: <none>, Requesting package name: <none>"AndroidWifi"openMLO Information: , Is TID-To-Link negotiation supported by the AP: false, AP MLD Address: <none>, AP MLO Link Id: <none>, AP MLO Affiliated links: <none>, Vendor Data: <none>
06-29 09:44:12.154   735  1114 D WifiScoreCard: txRate: 1 txSpeed: 2
06-29 09:44:12.154   735  1114 D WifiScoreCard: network update SIGNAL_POLL "AndroidWifi" ID: 443710621 RSSI -50 txSpeed -1
06-29 09:44:12.154   735  1114 D WifiClientModeImpl[78975:wlan0]:  ClientModeImpl$L2ConnectedState screen=on 1 0 "AndroidWifi" 00:13:10:85:fe:01 rssi=-50 f=2447 sc=60 link=2 tx=0.0, 0.0, 0.0 rx=0.0 bcn=0 [on:0 tx:0 rx:0 period:3009] from screen [on:0 period:314824314] score=60
06-29 09:44:12.824  1398  1648 D SatelliteController: iisInCarrierRoamingNbIotNtn: satellite is disabled
06-29 09:44:14.507   735  1120 D InetDiagMessage: Destroyed 0 sockets, proto=IPPROTO_TCP, family=AF_INET, states=14
06-29 09:44:14.508   735  1120 D InetDiagMessage: Destroyed 0 sockets, proto=IPPROTO_TCP, family=AF_INET6, states=14
06-29 09:44:14.508   735  1120 D InetDiagMessage: Destroyed live tcp sockets for uids={10160} in 2ms
06-29 09:44:14.509   735  1120 D InetDiagMessage: Destroyed 0 sockets, proto=IPPROTO_TCP, family=AF_INET, states=14
06-29 09:44:14.510   735  1120 D InetDiagMessage: Destroyed 0 sockets, proto=IPPROTO_TCP, family=AF_INET6, states=14
06-29 09:44:14.510   735  1120 D InetDiagMessage: Destroyed live tcp sockets for uids={20160} in 2ms
06-29 09:44:15.162   735  1114 D WifiClientModeImpl[78975:wlan0]: updateLinkLayerStatsRssiSpeedFrequencyCapabilities rssi=-50 TxLinkspeed=2 freq=2447 RxLinkSpeed=2
06-29 09:44:15.162   735  1114 D WifiDataStall: tx tput in kbps: 11000
06-29 09:44:15.162   735  1114 D WifiDataStall: rx tput in kbps: 11000
06-29 09:44:15.163   735  1114 V WifiConfigManager: Updating scan detail cache freq=2447 BSSID=00:13:10:85:fe:01 RSSI=-50 for "AndroidWifi"NONE
06-29 09:44:15.163   735  1114 D WifiThroughputPredictor:  utilization (LLS) 80 isBluetoothConnected: false final utilization: 80
06-29 09:44:15.163   735  1114 D WifiThroughputPredictor:  BW: 0 RSSI: -50 Nss: 1 Mode: 1 symDur: 4000 snrDb 30 bitPerTone: 4500 rate: 54 throughput: 11
06-29 09:44:15.163   735  1114 D WifiThroughputPredictor:  utilization (LLS) 80 isBluetoothConnected: false final utilization: 80
06-29 09:44:15.163   735  1114 D WifiThroughputPredictor:  BW: 0 RSSI: -50 Nss: 1 Mode: 1 symDur: 4000 snrDb 30 bitPerTone: 4500 rate: 54 throughput: 11
06-29 09:44:15.164   735  1114 D WifiThroughputPredictor:  utilization (LLS) 80 isBluetoothConnected: false final utilization: 80
06-29 09:44:15.164   735  1114 D WifiThroughputPredictor:  BW: 0 RSSI: -50 Nss: 1 Mode: 1 symDur: 4000 snrDb 30 bitPerTone: 4500 rate: 54 throughput: 11
06-29 09:44:15.164   735  1114 D WifiThroughputPredictor:  utilization (LLS) 80 isBluetoothConnected: false final utilization: 80
06-29 09:44:15.164   735  1114 D WifiThroughputPredictor:  BW: 0 RSSI: -50 Nss: 1 Mode: 1 symDur: 4000 snrDb 30 bitPerTone: 4500 rate: 54 throughput: 11
06-29 09:44:15.164   735  1114 D WifiScoreCard: BSSID update SIGNAL_POLL ID: 2076487524 SSID: "AndroidWifi", BSSID: 00:13:10:85:fe:01, MAC: 02:15:b2:00:00:00, IP: /10.0.2.16, Security type: 0, Supplicant state: COMPLETED, Wi-Fi standard: legacy, RSSI: -50, Link speed: 2Mbps, Tx Link speed: 2Mbps, Max Supported Tx Link speed: 11Mbps, Rx Link speed: 2Mbps, Max Supported Rx Link speed: 11Mbps, Frequency: 2447MHz, Net ID: 0, Metered hint: false, score: 60, isUsable: true, CarrierMerged: false, SubscriptionId: -1, IsPrimary: 1, Trusted: true, Restricted: false, Ephemeral: false, OEM paid: false, OEM private: false, OSU AP: false, FQDN: <none>, Provider friendly name: <none>, Requesting package name: <none>"AndroidWifi"openMLO Information: , Is TID-To-Link negotiation supported by the AP: false, AP MLD Address: <none>, AP MLO Link Id: <none>, AP MLO Affiliated links: <none>, Vendor Data: <none>
06-29 09:44:15.164   735  1114 D WifiScoreCard: txRate: 1 txSpeed: 2
06-29 09:44:15.165   735  1114 D WifiScoreCard: network update SIGNAL_POLL "AndroidWifi" ID: 443710621 RSSI -50 txSpeed -1
06-29 09:44:15.165   735  1114 D WifiClientModeImpl[78975:wlan0]:  ClientModeImpl$L2ConnectedState screen=on 1 0 "AndroidWifi" 00:13:10:85:fe:01 rssi=-50 f=2447 sc=60 link=2 tx=0.0, 0.0, 0.0 rx=0.0 bcn=0 [on:0 tx:0 rx:0 period:3010] from screen [on:0 period:314827325] score=60
06-29 09:44:18.171   735  1114 D WifiClientModeImpl[78975:wlan0]: updateLinkLayerStatsRssiSpeedFrequencyCapabilities rssi=-50 TxLinkspeed=2 freq=2447 RxLinkSpeed=2
06-29 09:44:18.171   735  1114 D WifiDataStall: tx tput in kbps: 11000
06-29 09:44:18.172   735  1114 D WifiDataStall: rx tput in kbps: 11000
06-29 09:44:18.172   735  1114 V WifiConfigManager: Updating scan detail cache freq=2447 BSSID=00:13:10:85:fe:01 RSSI=-50 for "AndroidWifi"NONE
06-29 09:44:18.172   735  1114 D WifiThroughputPredictor:  utilization (LLS) 80 isBluetoothConnected: false final utilization: 80
06-29 09:44:18.172   735  1114 D WifiThroughputPredictor:  BW: 0 RSSI: -50 Nss: 1 Mode: 1 symDur: 4000 snrDb 30 bitPerTone: 4500 rate: 54 throughput: 11
06-29 09:44:18.172   735  1114 D WifiThroughputPredictor:  utilization (LLS) 80 isBluetoothConnected: false final utilization: 80
06-29 09:44:18.173   735  1114 D WifiThroughputPredictor:  BW: 0 RSSI: -50 Nss: 1 Mode: 1 symDur: 4000 snrDb 30 bitPerTone: 4500 rate: 54 throughput: 11
06-29 09:44:18.173   735  1114 D WifiThroughputPredictor:  utilization (LLS) 80 isBluetoothConnected: false final utilization: 80
06-29 09:44:18.173   735  1114 D WifiThroughputPredictor:  BW: 0 RSSI: -50 Nss: 1 Mode: 1 symDur: 4000 snrDb 30 bitPerTone: 4500 rate: 54 throughput: 11
06-29 09:44:18.173   735  1114 D WifiThroughputPredictor:  utilization (LLS) 80 isBluetoothConnected: false final utilization: 80
06-29 09:44:18.173   735  1114 D WifiThroughputPredictor:  BW: 0 RSSI: -50 Nss: 1 Mode: 1 symDur: 4000 snrDb 30 bitPerTone: 4500 rate: 54 throughput: 11
06-29 09:44:18.174   735  1114 D WifiScoreCard: BSSID update SIGNAL_POLL ID: 2076487524 SSID: "AndroidWifi", BSSID: 00:13:10:85:fe:01, MAC: 02:15:b2:00:00:00, IP: /10.0.2.16, Security type: 0, Supplicant state: COMPLETED, Wi-Fi standard: legacy, RSSI: -50, Link speed: 2Mbps, Tx Link speed: 2Mbps, Max Supported Tx Link speed: 11Mbps, Rx Link speed: 2Mbps, Max Supported Rx Link speed: 11Mbps, Frequency: 2447MHz, Net ID: 0, Metered hint: false, score: 60, isUsable: true, CarrierMerged: false, SubscriptionId: -1, IsPrimary: 1, Trusted: true, Restricted: false, Ephemeral: false, OEM paid: false, OEM private: false, OSU AP: false, FQDN: <none>, Provider friendly name: <none>, Requesting package name: <none>"AndroidWifi"openMLO Information: , Is TID-To-Link negotiation supported by the AP: false, AP MLD Address: <none>, AP MLO Link Id: <none>, AP MLO Affiliated links: <none>, Vendor Data: <none>
06-29 09:44:18.174   735  1114 D WifiScoreCard: txRate: 1 txSpeed: 2
06-29 09:44:18.174   735  1114 D WifiScoreCard: network update SIGNAL_POLL "AndroidWifi" ID: 443710621 RSSI -50 txSpeed -1
06-29 09:44:18.175   735  1114 D WifiClientModeImpl[78975:wlan0]:  ClientModeImpl$L2ConnectedState screen=on 1 0 "AndroidWifi" 00:13:10:85:fe:01 rssi=-50 f=2447 sc=60 link=2 tx=0.0, 0.0, 0.0 rx=0.0 bcn=0 [on:0 tx:0 rx:0 period:3010] from screen [on:0 period:314830335] score=60
06-29 09:44:18.531   735  1473 D OomAdjuster: Not killing cached processes
06-29 09:44:21.180   735  1114 D WifiClientModeImpl[78975:wlan0]: updateLinkLayerStatsRssiSpeedFrequencyCapabilities rssi=-50 TxLinkspeed=2 freq=2447 RxLinkSpeed=2
06-29 09:44:21.180   735  1114 D WifiDataStall: tx tput in kbps: 11000
06-29 09:44:21.180   735  1114 D WifiDataStall: rx tput in kbps: 11000
06-29 09:44:21.181   735  1114 V WifiConfigManager: Updating scan detail cache freq=2447 BSSID=00:13:10:85:fe:01 RSSI=-50 for "AndroidWifi"NONE
06-29 09:44:21.181   735  1114 D WifiThroughputPredictor:  utilization (LLS) 80 isBluetoothConnected: false final utilization: 80
06-29 09:44:21.181   735  1114 D WifiThroughputPredictor:  BW: 0 RSSI: -50 Nss: 1 Mode: 1 symDur: 4000 snrDb 30 bitPerTone: 4500 rate: 54 throughput: 11
06-29 09:44:21.181   735  1114 D WifiThroughputPredictor:  utilization (LLS) 80 isBluetoothConnected: false final utilization: 80
06-29 09:44:21.182   735  1114 D WifiThroughputPredictor:  BW: 0 RSSI: -50 Nss: 1 Mode: 1 symDur: 4000 snrDb 30 bitPerTone: 4500 rate: 54 throughput: 11
06-29 09:44:21.182   735  1114 D WifiThroughputPredictor:  utilization (LLS) 80 isBluetoothConnected: false final utilization: 80
06-29 09:44:21.182   735  1114 D WifiThroughputPredictor:  BW: 0 RSSI: -50 Nss: 1 Mode: 1 symDur: 4000 snrDb 30 bitPerTone: 4500 rate: 54 throughput: 11
06-29 09:44:21.182   735  1114 D WifiThroughputPredictor:  utilization (LLS) 80 isBluetoothConnected: false final utilization: 80
06-29 09:44:21.182   735  1114 D WifiThroughputPredictor:  BW: 0 RSSI: -50 Nss: 1 Mode: 1 symDur: 4000 snrDb 30 bitPerTone: 4500 rate: 54 throughput: 11
06-29 09:44:21.183   735  1114 D WifiScoreCard: BSSID update SIGNAL_POLL ID: 2076487524 SSID: "AndroidWifi", BSSID: 00:13:10:85:fe:01, MAC: 02:15:b2:00:00:00, IP: /10.0.2.16, Security type: 0, Supplicant state: COMPLETED, Wi-Fi standard: legacy, RSSI: -50, Link speed: 2Mbps, Tx Link speed: 2Mbps, Max Supported Tx Link speed: 11Mbps, Rx Link speed: 2Mbps, Max Supported Rx Link speed: 11Mbps, Frequency: 2447MHz, Net ID: 0, Metered hint: false, score: 60, isUsable: true, CarrierMerged: false, SubscriptionId: -1, IsPrimary: 1, Trusted: true, Restricted: false, Ephemeral: false, OEM paid: false, OEM private: false, OSU AP: false, FQDN: <none>, Provider friendly name: <none>, Requesting package name: <none>"AndroidWifi"openMLO Information: , Is TID-To-Link negotiation supported by the AP: false, AP MLD Address: <none>, AP MLO Link Id: <none>, AP MLO Affiliated links: <none>, Vendor Data: <none>
06-29 09:44:21.183   735  1114 D WifiScoreCard: txRate: 1 txSpeed: 2
06-29 09:44:21.183   735  1114 D WifiScoreCard: network update SIGNAL_POLL "AndroidWifi" ID: 443710621 RSSI -50 txSpeed -1
06-29 09:44:21.183   735  1114 D WifiClientModeImpl[78975:wlan0]:  ClientModeImpl$L2ConnectedState screen=on 1 0 "AndroidWifi" 00:13:10:85:fe:01 rssi=-50 f=2447 sc=60 link=2 tx=0.0, 0.0, 0.0 rx=0.0 bcn=0 [on:0 tx:0 rx:0 period:3008] from screen [on:0 period:314833343] score=60
06-29 09:44:22.550  1462  1462 D wpa_supplicant: WNM: Send keep-alive to AP 00:13:10:85:fe:01
06-29 09:44:22.831  1398  1648 D SatelliteController: iisInCarrierRoamingNbIotNtn: satellite is disabled
06-29 09:44:24.190   735  1114 D WifiClientModeImpl[78975:wlan0]: updateLinkLayerStatsRssiSpeedFrequencyCapabilities rssi=-50 TxLinkspeed=1 freq=2447 RxLinkSpeed=2
06-29 09:44:24.190   735  1114 D WifiDataStall: tx tput in kbps: 11000
06-29 09:44:24.190   735  1114 D WifiDataStall: rx tput in kbps: 11000
06-29 09:44:24.191   735  1114 V WifiConfigManager: Updating scan detail cache freq=2447 BSSID=00:13:10:85:fe:01 RSSI=-50 for "AndroidWifi"NONE
06-29 09:44:24.191   735  1114 D WifiThroughputPredictor:  utilization (LLS) 80 isBluetoothConnected: false final utilization: 80
06-29 09:44:24.191   735  1114 D WifiThroughputPredictor:  BW: 0 RSSI: -50 Nss: 1 Mode: 1 symDur: 4000 snrDb 30 bitPerTone: 4500 rate: 54 throughput: 11
06-29 09:44:24.191   735  1114 D WifiThroughputPredictor:  utilization (LLS) 80 isBluetoothConnected: false final utilization: 80
06-29 09:44:24.192   735  1114 D WifiThroughputPredictor:  BW: 0 RSSI: -50 Nss: 1 Mode: 1 symDur: 4000 snrDb 30 bitPerTone: 4500 rate: 54 throughput: 11
06-29 09:44:24.192   735  1114 D WifiThroughputPredictor:  utilization (LLS) 80 isBluetoothConnected: false final utilization: 80
06-29 09:44:24.192   735  1114 D WifiThroughputPredictor:  BW: 0 RSSI: -50 Nss: 1 Mode: 1 symDur: 4000 snrDb 30 bitPerTone: 4500 rate: 54 throughput: 11
06-29 09:44:24.192   735  1114 D WifiThroughputPredictor:  utilization (LLS) 80 isBluetoothConnected: false final utilization: 80
06-29 09:44:24.192   735  1114 D WifiThroughputPredictor:  BW: 0 RSSI: -50 Nss: 1 Mode: 1 symDur: 4000 snrDb 30 bitPerTone: 4500 rate: 54 throughput: 11
06-29 09:44:24.193   735  1114 D WifiScoreCard: BSSID update SIGNAL_POLL ID: 2076487524 SSID: "AndroidWifi", BSSID: 00:13:10:85:fe:01, MAC: 02:15:b2:00:00:00, IP: /10.0.2.16, Security type: 0, Supplicant state: COMPLETED, Wi-Fi standard: legacy, RSSI: -50, Link speed: 1Mbps, Tx Link speed: 1Mbps, Max Supported Tx Link speed: 11Mbps, Rx Link speed: 2Mbps, Max Supported Rx Link speed: 11Mbps, Frequency: 2447MHz, Net ID: 0, Metered hint: false, score: 60, isUsable: true, CarrierMerged: false, SubscriptionId: -1, IsPrimary: 1, Trusted: true, Restricted: false, Ephemeral: false, OEM paid: false, OEM private: false, OSU AP: false, FQDN: <none>, Provider friendly name: <none>, Requesting package name: <none>"AndroidWifi"openMLO Information: , Is TID-To-Link negotiation supported by the AP: false, AP MLD Address: <none>, AP MLO Link Id: <none>, AP MLO Affiliated links: <none>, Vendor Data: <none>
06-29 09:44:24.193   735  1114 D WifiScoreCard: txRate: 1 txSpeed: 1
06-29 09:44:24.193   735  1114 D WifiScoreCard: network update SIGNAL_POLL "AndroidWifi" ID: 443710621 RSSI -50 txSpeed -1
06-29 09:44:24.193   735  1114 D WifiClientModeImpl[78975:wlan0]:  ClientModeImpl$L2ConnectedState screen=on 1 0 "AndroidWifi" 00:13:10:85:fe:01 rssi=-50 f=2447 sc=60 link=1 tx=0.0, 0.0, 0.0 rx=0.0 bcn=0 [on:0 tx:0 rx:0 period:3009] from screen [on:0 period:314836353] score=60
06-29 09:44:27.208   735  1114 D WifiClientModeImpl[78975:wlan0]: updateLinkLayerStatsRssiSpeedFrequencyCapabilities rssi=-50 TxLinkspeed=1 freq=2447 RxLinkSpeed=2
06-29 09:44:27.208   735  1114 D WifiDataStall: tx tput in kbps: 11000
06-29 09:44:27.208   735  1114 D WifiDataStall: rx tput in kbps: 11000
06-29 09:44:27.208   735  1114 V WifiConfigManager: Updating scan detail cache freq=2447 BSSID=00:13:10:85:fe:01 RSSI=-50 for "AndroidWifi"NONE
06-29 09:44:27.208   735  1114 D WifiThroughputPredictor:  utilization (LLS) 80 isBluetoothConnected: false final utilization: 80
06-29 09:44:27.208   735  1114 D WifiThroughputPredictor:  BW: 0 RSSI: -50 Nss: 1 Mode: 1 symDur: 4000 snrDb 30 bitPerTone: 4500 rate: 54 throughput: 11
06-29 09:44:27.208   735  1114 D WifiThroughputPredictor:  utilization (LLS) 80 isBluetoothConnected: false final utilization: 80
06-29 09:44:27.208   735  1114 D WifiThroughputPredictor:  BW: 0 RSSI: -50 Nss: 1 Mode: 1 symDur: 4000 snrDb 30 bitPerTone: 4500 rate: 54 throughput: 11
06-29 09:44:27.209   735  1114 D WifiThroughputPredictor:  utilization (LLS) 80 isBluetoothConnected: false final utilization: 80
06-29 09:44:27.209   735  1114 D WifiThroughputPredictor:  BW: 0 RSSI: -50 Nss: 1 Mode: 1 symDur: 4000 snrDb 30 bitPerTone: 4500 rate: 54 throughput: 11
06-29 09:44:27.209   735  1114 D WifiThroughputPredictor:  utilization (LLS) 80 isBluetoothConnected: false final utilization: 80
06-29 09:44:27.209   735  1114 D WifiThroughputPredictor:  BW: 0 RSSI: -50 Nss: 1 Mode: 1 symDur: 4000 snrDb 30 bitPerTone: 4500 rate: 54 throughput: 11
06-29 09:44:27.210   735  1114 D WifiScoreCard: BSSID update SIGNAL_POLL ID: 2076487524 SSID: "AndroidWifi", BSSID: 00:13:10:85:fe:01, MAC: 02:15:b2:00:00:00, IP: /10.0.2.16, Security type: 0, Supplicant state: COMPLETED, Wi-Fi standard: legacy, RSSI: -50, Link speed: 1Mbps, Tx Link speed: 1Mbps, Max Supported Tx Link speed: 11Mbps, Rx Link speed: 2Mbps, Max Supported Rx Link speed: 11Mbps, Frequency: 2447MHz, Net ID: 0, Metered hint: false, score: 60, isUsable: true, CarrierMerged: false, SubscriptionId: -1, IsPrimary: 1, Trusted: true, Restricted: false, Ephemeral: false, OEM paid: false, OEM private: false, OSU AP: false, FQDN: <none>, Provider friendly name: <none>, Requesting package name: <none>"AndroidWifi"openMLO Information: , Is TID-To-Link negotiation supported by the AP: false, AP MLD Address: <none>, AP MLO Link Id: <none>, AP MLO Affiliated links: <none>, Vendor Data: <none>
06-29 09:44:27.210   735  1114 D WifiScoreCard: txRate: 1 txSpeed: 1
06-29 09:44:27.210   735  1114 D WifiScoreCard: network update SIGNAL_POLL "AndroidWifi" ID: 443710621 RSSI -50 txSpeed -1
06-29 09:44:27.210   735  1114 D WifiClientModeImpl[78975:wlan0]:  ClientModeImpl$L2ConnectedState screen=on 1 0 "AndroidWifi" 00:13:10:85:fe:01 rssi=-50 f=2447 sc=60 link=1 tx=0.0, 0.0, 0.0 rx=0.0 bcn=0 [on:0 tx:0 rx:0 period:3016] from screen [on:0 period:314839370] score=60
06-29 09:44:29.577   521   556 I netd    : tetherGetStats() -> {[]} <0.61ms>
06-29 09:44:30.216   735  1114 D WifiClientModeImpl[78975:wlan0]: updateLinkLayerStatsRssiSpeedFrequencyCapabilities rssi=-50 TxLinkspeed=1 freq=2447 RxLinkSpeed=2
06-29 09:44:30.216   735  1114 D WifiDataStall: tx tput in kbps: 11000
06-29 09:44:30.217   735  1114 D WifiDataStall: rx tput in kbps: 11000
06-29 09:44:30.217   735  1114 V WifiConfigManager: Updating scan detail cache freq=2447 BSSID=00:13:10:85:fe:01 RSSI=-50 for "AndroidWifi"NONE
06-29 09:44:30.217   735  1114 D WifiThroughputPredictor:  utilization (LLS) 80 isBluetoothConnected: false final utilization: 80
06-29 09:44:30.217   735  1114 D WifiThroughputPredictor:  BW: 0 RSSI: -50 Nss: 1 Mode: 1 symDur: 4000 snrDb 30 bitPerTone: 4500 rate: 54 throughput: 11
06-29 09:44:30.218   735  1114 D WifiThroughputPredictor:  utilization (LLS) 80 isBluetoothConnected: false final utilization: 80
06-29 09:44:30.218   735  1114 D WifiThroughputPredictor:  BW: 0 RSSI: -50 Nss: 1 Mode: 1 symDur: 4000 snrDb 30 bitPerTone: 4500 rate: 54 throughput: 11
06-29 09:44:30.218   735  1114 D WifiThroughputPredictor:  utilization (LLS) 80 isBluetoothConnected: false final utilization: 80
06-29 09:44:30.219   735  1114 D WifiThroughputPredictor:  BW: 0 RSSI: -50 Nss: 1 Mode: 1 symDur: 4000 snrDb 30 bitPerTone: 4500 rate: 54 throughput: 11
06-29 09:44:30.219   735  1114 D WifiThroughputPredictor:  utilization (LLS) 80 isBluetoothConnected: false final utilization: 80
06-29 09:44:30.219   735  1114 D WifiThroughputPredictor:  BW: 0 RSSI: -50 Nss: 1 Mode: 1 symDur: 4000 snrDb 30 bitPerTone: 4500 rate: 54 throughput: 11
06-29 09:44:30.220   735  1114 D WifiScoreCard: BSSID update SIGNAL_POLL ID: 2076487524 SSID: "AndroidWifi", BSSID: 00:13:10:85:fe:01, MAC: 02:15:b2:00:00:00, IP: /10.0.2.16, Security type: 0, Supplicant state: COMPLETED, Wi-Fi standard: legacy, RSSI: -50, Link speed: 1Mbps, Tx Link speed: 1Mbps, Max Supported Tx Link speed: 11Mbps, Rx Link speed: 2Mbps, Max Supported Rx Link speed: 11Mbps, Frequency: 2447MHz, Net ID: 0, Metered hint: false, score: 60, isUsable: true, CarrierMerged: false, SubscriptionId: -1, IsPrimary: 1, Trusted: true, Restricted: false, Ephemeral: false, OEM paid: false, OEM private: false, OSU AP: false, FQDN: <none>, Provider friendly name: <none>, Requesting package name: <none>"AndroidWifi"openMLO Information: , Is TID-To-Link negotiation supported by the AP: false, AP MLD Address: <none>, AP MLO Link Id: <none>, AP MLO Affiliated links: <none>, Vendor Data: <none>
06-29 09:44:30.220   735  1114 D WifiScoreCard: txRate: 1 txSpeed: 1
06-29 09:44:30.220   735  1114 D WifiScoreCard: network update SIGNAL_POLL "AndroidWifi" ID: 443710621 RSSI -50 txSpeed -1
06-29 09:44:30.220   735  1114 D WifiClientModeImpl[78975:wlan0]:  ClientModeImpl$L2ConnectedState screen=on 1 0 "AndroidWifi" 00:13:10:85:fe:01 rssi=-50 f=2447 sc=60 link=1 tx=0.0, 0.0, 0.0 rx=0.0 bcn=0 [on:0 tx:0 rx:0 period:3009] from screen [on:0 period:314842380] score=60
06-29 09:44:32.837  1398  1648 D SatelliteController: iisInCarrierRoamingNbIotNtn: satellite is disabled
06-29 09:44:33.227   735  1114 D WifiClientModeImpl[78975:wlan0]: updateLinkLayerStatsRssiSpeedFrequencyCapabilities rssi=-50 TxLinkspeed=1 freq=2447 RxLinkSpeed=2
06-29 09:44:33.228   735  1114 D WifiDataStall: tx tput in kbps: 11000
06-29 09:44:33.228   735  1114 D WifiDataStall: rx tput in kbps: 11000
06-29 09:44:33.228   735  1114 V WifiConfigManager: Updating scan detail cache freq=2447 BSSID=00:13:10:85:fe:01 RSSI=-50 for "AndroidWifi"NONE
06-29 09:44:33.229   735  1114 D WifiThroughputPredictor:  utilization (LLS) 80 isBluetoothConnected: false final utilization: 80
06-29 09:44:33.229   735  1114 D WifiThroughputPredictor:  BW: 0 RSSI: -50 Nss: 1 Mode: 1 symDur: 4000 snrDb 30 bitPerTone: 4500 rate: 54 throughput: 11
06-29 09:44:33.229   735  1114 D WifiThroughputPredictor:  utilization (LLS) 80 isBluetoothConnected: false final utilization: 80
06-29 09:44:33.230   735  1114 D WifiThroughputPredictor:  BW: 0 RSSI: -50 Nss: 1 Mode: 1 symDur: 4000 snrDb 30 bitPerTone: 4500 rate: 54 throughput: 11
06-29 09:44:33.230   735  1114 D WifiThroughputPredictor:  utilization (LLS) 80 isBluetoothConnected: false final utilization: 80
06-29 09:44:33.230   735  1114 D WifiThroughputPredictor:  BW: 0 RSSI: -50 Nss: 1 Mode: 1 symDur: 4000 snrDb 30 bitPerTone: 4500 rate: 54 throughput: 11
06-29 09:44:33.230   735  1114 D WifiThroughputPredictor:  utilization (LLS) 80 isBluetoothConnected: false final utilization: 80
06-29 09:44:33.230   735  1114 D WifiThroughputPredictor:  BW: 0 RSSI: -50 Nss: 1 Mode: 1 symDur: 4000 snrDb 30 bitPerTone: 4500 rate: 54 throughput: 11
06-29 09:44:33.231   735  1114 D WifiScoreCard: BSSID update SIGNAL_POLL ID: 2076487524 SSID: "AndroidWifi", BSSID: 00:13:10:85:fe:01, MAC: 02:15:b2:00:00:00, IP: /10.0.2.16, Security type: 0, Supplicant state: COMPLETED, Wi-Fi standard: legacy, RSSI: -50, Link speed: 1Mbps, Tx Link speed: 1Mbps, Max Supported Tx Link speed: 11Mbps, Rx Link speed: 2Mbps, Max Supported Rx Link speed: 11Mbps, Frequency: 2447MHz, Net ID: 0, Metered hint: false, score: 60, isUsable: true, CarrierMerged: false, SubscriptionId: -1, IsPrimary: 1, Trusted: true, Restricted: false, Ephemeral: false, OEM paid: false, OEM private: false, OSU AP: false, FQDN: <none>, Provider friendly name: <none>, Requesting package name: <none>"AndroidWifi"openMLO Information: , Is TID-To-Link negotiation supported by the AP: false, AP MLD Address: <none>, AP MLO Link Id: <none>, AP MLO Affiliated links: <none>, Vendor Data: <none>
06-29 09:44:33.231   735  1114 D WifiScoreCard: txRate: 1 txSpeed: 1
06-29 09:44:33.231   735  1114 D WifiScoreCard: network update SIGNAL_POLL "AndroidWifi" ID: 443710621 RSSI -50 txSpeed -1
06-29 09:44:33.232   735  1114 D WifiClientModeImpl[78975:wlan0]:  ClientModeImpl$L2ConnectedState screen=on 1 0 "AndroidWifi" 00:13:10:85:fe:01 rssi=-50 f=2447 sc=60 link=1 tx=0.0, 0.0, 0.0 rx=0.0 bcn=0 [on:0 tx:0 rx:0 period:3012] from screen [on:0 period:314845392] score=60
06-29 09:44:33.696  1858  2347 I bbax    : (REDACTED) getHotwordActive::active query: %s, watch: %s, devices connected: %s
06-29 09:44:36.237   735  1114 D WifiClientModeImpl[78975:wlan0]: updateLinkLayerStatsRssiSpeedFrequencyCapabilities rssi=-50 TxLinkspeed=1 freq=2447 RxLinkSpeed=2
06-29 09:44:36.237   735  1114 D WifiDataStall: tx tput in kbps: 11000
06-29 09:44:36.237   735  1114 D WifiDataStall: rx tput in kbps: 11000
06-29 09:44:36.237   735  1114 V WifiConfigManager: Updating scan detail cache freq=2447 BSSID=00:13:10:85:fe:01 RSSI=-50 for "AndroidWifi"NONE
06-29 09:44:36.238   735  1114 D WifiThroughputPredictor:  utilization (LLS) 80 isBluetoothConnected: false final utilization: 80
06-29 09:44:36.238   735  1114 D WifiThroughputPredictor:  BW: 0 RSSI: -50 Nss: 1 Mode: 1 symDur: 4000 snrDb 30 bitPerTone: 4500 rate: 54 throughput: 11
06-29 09:44:36.238   735  1114 D WifiThroughputPredictor:  utilization (LLS) 80 isBluetoothConnected: false final utilization: 80
06-29 09:44:36.238   735  1114 D WifiThroughputPredictor:  BW: 0 RSSI: -50 Nss: 1 Mode: 1 symDur: 4000 snrDb 30 bitPerTone: 4500 rate: 54 throughput: 11
06-29 09:44:36.238   735  1114 D WifiThroughputPredictor:  utilization (LLS) 80 isBluetoothConnected: false final utilization: 80
06-29 09:44:36.238   735  1114 D WifiThroughputPredictor:  BW: 0 RSSI: -50 Nss: 1 Mode: 1 symDur: 4000 snrDb 30 bitPerTone: 4500 rate: 54 throughput: 11
06-29 09:44:36.238   735  1114 D WifiThroughputPredictor:  utilization (LLS) 80 isBluetoothConnected: false final utilization: 80
06-29 09:44:36.239   735  1114 D WifiThroughputPredictor:  BW: 0 RSSI: -50 Nss: 1 Mode: 1 symDur: 4000 snrDb 30 bitPerTone: 4500 rate: 54 throughput: 11
