06-29 09:43:46.077  1668  1668 I GoogleInputMethodService: GoogleInputMethodService.onStartInput():1293 onStartInput(EditorInfo{EditorInfo{packageName=com.dabber, inputType=0, inputTypeString=NULL, enableLearning=false, autoCorrection=false, autoComplete=false, imeOptions=0, privateImeOptions=null, actionName=UNSPECIFIED, actionLabel=null, initialSelStart=-1, initialSelEnd=-1, initialCapsMode=0, label=null, fieldId=0, fieldName=null, extras=null, hintText=null, hintLocales=[]}}, false)
06-29 09:43:46.082  6957  6957 D InsetsController: hide(ime(), fromIme=false)
06-29 09:43:46.083  6957  6957 I ImeTracker: com.dabber:6e1b6645: onCancelled at PHASE_CLIENT_ALREADY_HIDDEN
06-29 09:43:46.093  1668  1668 I EmojiCompatManager: EmojiCompatManager.getEmojiCompatIfLoaded():343 EmojiCompat.init() was never called.
06-29 09:43:46.093  1668  1668 I EmojiCompatManager: java.lang.IllegalStateException: EmojiCompat is not initialized. Please call EmojiCompat.init() first
06-29 09:43:46.093  1668  1668 I EmojiCompatManager: 	at asx.p(PG:6)
06-29 09:43:46.093  1668  1668 I EmojiCompatManager: 	at axb.b(PG:13)
06-29 09:43:46.093  1668  1668 I EmojiCompatManager: 	at jnr.b(PG:2)
06-29 09:43:46.093  1668  1668 I EmojiCompatManager: 	at jnr.c(PG:4)
06-29 09:43:46.093  1668  1668 I EmojiCompatManager: 	at jnr.f(PG:3)
06-29 09:43:46.093  1668  1668 I EmojiCompatManager: 	at jnx.c(PG:3)
06-29 09:43:46.093  1668  1668 I EmojiCompatManager: 	at kif.cz(PG:47)
06-29 09:43:46.093  1668  1668 I EmojiCompatManager: 	at lhl.run(PG:1025)
06-29 09:43:46.093  1668  1668 I EmojiCompatManager: 	at jaf.execute(PG:12)
06-29 09:43:46.093  1668  1668 I EmojiCompatManager: 	at nco.v(PG:13)
06-29 09:43:46.093  1668  1668 I EmojiCompatManager: 	at lhn.m(PG:96)
06-29 09:43:46.093  1668  1668 I EmojiCompatManager: 	at lhn.k(PG:25)
06-29 09:43:46.093  1668  1668 I EmojiCompatManager: 	at kgn.onStartInput(PG:250)
06-29 09:43:46.093  1668  1668 I EmojiCompatManager: 	at android.inputmethodservice.InputMethodService.doStartInput(InputMethodService.java:3521)
06-29 09:43:46.093  1668  1668 I EmojiCompatManager: 	at android.inputmethodservice.InputMethodService$InputMethodImpl.startInput(InputMethodService.java:879)
06-29 09:43:46.093  1668  1668 I EmojiCompatManager: 	at android.inputmethodservice.InputMethodService$InputMethodImpl.dispatchStartInput(InputMethodService.java:908)
06-29 09:43:46.093  1668  1668 I EmojiCompatManager: 	at android.inputmethodservice.IInputMethodWrapper.executeMessage(IInputMethodWrapper.java:201)
06-29 09:43:46.093  1668  1668 I EmojiCompatManager: 	at com.android.internal.os.HandlerCaller$MyHandler.handleMessage(HandlerCaller.java:44)
06-29 09:43:46.093  1668  1668 I EmojiCompatManager: 	at android.os.Handler.dispatchMessage(Handler.java:110)
06-29 09:43:46.093  1668  1668 I EmojiCompatManager: 	at android.os.Looper.loopOnce(Looper.java:248)
06-29 09:43:46.093  1668  1668 I EmojiCompatManager: 	at android.os.Looper.loop(Looper.java:338)
06-29 09:43:46.093  1668  1668 I EmojiCompatManager: 	at android.app.ActivityThread.main(ActivityThread.java:9067)
06-29 09:43:46.093  1668  1668 I EmojiCompatManager: 	at java.lang.reflect.Method.invoke(Native Method)
06-29 09:43:46.093  1668  1668 I EmojiCompatManager: 	at com.android.internal.os.RuntimeInit$MethodAndArgsCaller.run(RuntimeInit.java:593)
06-29 09:43:46.093  1668  1668 I EmojiCompatManager: 	at com.android.internal.os.ZygoteInit.main(ZygoteInit.java:932)
06-29 09:43:46.098  1668  1668 I Module  : DeviceLockedStatusModuleProvider$Module.updateDeviceLockedStatus():100 repeatCheckTimes = 1, locked = false
06-29 09:43:46.103   735  2077 W PackageConfigPersister: App-specific configuration not found for packageName: com.dabber and userId: 0
06-29 09:43:46.297  1206  1332 W WindowOnBackDispatcher: sendCancelIfRunning: isInProgress=false callback=android.view.ViewRootImpl$$ExternalSyntheticLambda13@a57f763
06-29 09:43:46.303   735  2077 D CoreBackPreview: Window{dd4f36b u0 Splash Screen com.dabber EXITING}: Setting back callback null
06-29 09:43:47.450  6957  6962 I com.dabber: Compiler allocated 5042KB to compile void android.view.ViewRootImpl.performTraversals()
06-29 09:43:48.022   735  1114 D WifiClientModeImpl[78975:wlan0]: updateLinkLayerStatsRssiSpeedFrequencyCapabilities rssi=-50 TxLinkspeed=1 freq=2447 RxLinkSpeed=2
06-29 09:43:48.023   735  1114 D WifiDataStall: tx tput in kbps: 11000
06-29 09:43:48.023   735  1114 D WifiDataStall: rx tput in kbps: 11000
06-29 09:43:48.023   735  1114 V WifiConfigManager: Updating scan detail cache freq=2447 BSSID=00:13:10:85:fe:01 RSSI=-50 for "AndroidWifi"NONE
06-29 09:43:48.024   735  1114 D WifiThroughputPredictor:  utilization (LLS) 80 isBluetoothConnected: false final utilization: 80
06-29 09:43:48.024   735  1114 D WifiThroughputPredictor:  BW: 0 RSSI: -50 Nss: 1 Mode: 1 symDur: 4000 snrDb 30 bitPerTone: 4500 rate: 54 throughput: 11
06-29 09:43:48.024   735  1114 D WifiThroughputPredictor:  utilization (LLS) 80 isBluetoothConnected: false final utilization: 80
06-29 09:43:48.024   735  1114 D WifiThroughputPredictor:  BW: 0 RSSI: -50 Nss: 1 Mode: 1 symDur: 4000 snrDb 30 bitPerTone: 4500 rate: 54 throughput: 11
06-29 09:43:48.024   735  1114 D WifiThroughputPredictor:  utilization (LLS) 80 isBluetoothConnected: false final utilization: 80
06-29 09:43:48.024   735  1114 D WifiThroughputPredictor:  BW: 0 RSSI: -50 Nss: 1 Mode: 1 symDur: 4000 snrDb 30 bitPerTone: 4500 rate: 54 throughput: 11
06-29 09:43:48.025   735  1114 D WifiThroughputPredictor:  utilization (LLS) 80 isBluetoothConnected: false final utilization: 80
06-29 09:43:48.025   735  1114 D WifiThroughputPredictor:  BW: 0 RSSI: -50 Nss: 1 Mode: 1 symDur: 4000 snrDb 30 bitPerTone: 4500 rate: 54 throughput: 11
06-29 09:43:48.030   735  1114 D WifiScoreCard: BSSID update SIGNAL_POLL ID: 2076487524 SSID: "AndroidWifi", BSSID: 00:13:10:85:fe:01, MAC: 02:15:b2:00:00:00, IP: /10.0.2.16, Security type: 0, Supplicant state: COMPLETED, Wi-Fi standard: legacy, RSSI: -50, Link speed: 1Mbps, Tx Link speed: 1Mbps, Max Supported Tx Link speed: 11Mbps, Rx Link speed: 2Mbps, Max Supported Rx Link speed: 11Mbps, Frequency: 2447MHz, Net ID: 0, Metered hint: false, score: 60, isUsable: true, CarrierMerged: false, SubscriptionId: -1, IsPrimary: 1, Trusted: true, Restricted: false, Ephemeral: false, OEM paid: false, OEM private: false, OSU AP: false, FQDN: <none>, Provider friendly name: <none>, Requesting package name: <none>"AndroidWifi"openMLO Information: , Is TID-To-Link negotiation supported by the AP: false, AP MLD Address: <none>, AP MLO Link Id: <none>, AP MLO Affiliated links: <none>, Vendor Data: <none>
06-29 09:43:48.030   735  1114 D WifiScoreCard: txRate: 1 txSpeed: 1
06-29 09:43:48.030   735  1114 D WifiScoreCard: network update SIGNAL_POLL "AndroidWifi" ID: 443710621 RSSI -50 txSpeed -1
06-29 09:43:48.030   735  1114 D WifiClientModeImpl[78975:wlan0]:  ClientModeImpl$L2ConnectedState screen=on 1 0 "AndroidWifi" 00:13:10:85:fe:01 rssi=-50 f=2447 sc=60 link=1 tx=0.0, 0.0, 0.0 rx=0.0 bcn=0 [on:0 tx:0 rx:0 period:3017] from screen [on:0 period:314800190] score=60
06-29 09:43:48.146   735  3154 E TaskPersister: File error accessing recents directory (directory doesn't exist?).
06-29 09:43:50.690  6957  6975 I DabberWhisper: whisper model loaded
06-29 09:43:50.691  6957  6975 I DabberTest: model loaded=true path=/storage/emulated/0/Android/data/com.dabber/files/models/dabber-he.bin exists=true
06-29 09:43:50.691  6957  6976 W com.dabber: Long monitor contention with owner Thread-2 (6975) at boolean com.dabber.core.DictationCore.loadModel(java.lang.String)(DictationCore.kt:32) waiters=0 in boolean com.dabber.core.DictationCore.loadModel(java.lang.String) for 5.450s
06-29 09:43:50.709  6957  6957 I com.dabber: Waiting for a blocking GC NativeAlloc
06-29 09:43:50.712  1789  1971 E MediaProvider: Permission to access file: /storage/emulated/0/clip.wav is denied
--------- beginning of crash
06-29 09:43:50.714  6957  6975 E AndroidRuntime: FATAL EXCEPTION: Thread-2
06-29 09:43:50.714  6957  6975 E AndroidRuntime: Process: com.dabber, PID: 6957
06-29 09:43:50.714  6957  6975 E AndroidRuntime: java.io.FileNotFoundException: /sdcard/clip.wav: open failed: EACCES (Permission denied)
06-29 09:43:50.714  6957  6975 E AndroidRuntime: 	at libcore.io.IoBridge.open(IoBridge.java:574)
06-29 09:43:50.714  6957  6975 E AndroidRuntime: 	at java.io.FileInputStream.<init>(FileInputStream.java:179)
06-29 09:43:50.714  6957  6975 E AndroidRuntime: 	at kotlin.io.FilesKt__FileReadWriteKt.readBytes(FileReadWrite.kt:69)
06-29 09:43:50.714  6957  6975 E AndroidRuntime: 	at com.dabber.audio.WavReader.readPcm16Mono(WavReader.kt:15)
06-29 09:43:50.714  6957  6975 E AndroidRuntime: 	at com.dabber.MainActivity.runDebugTranscription$lambda$13(MainActivity.kt:189)
06-29 09:43:50.714  6957  6975 E AndroidRuntime: 	at com.dabber.MainActivity.$r8$lambda$E7kHAjWiudwTMtgrMIuvJJAjRpU(Unknown Source:0)
06-29 09:43:50.714  6957  6975 E AndroidRuntime: 	at com.dabber.MainActivity$$ExternalSyntheticLambda2.run(D8$$SyntheticClass:0)
06-29 09:43:50.714  6957  6975 E AndroidRuntime: 	at java.lang.Thread.run(Thread.java:1119)
06-29 09:43:50.714  6957  6975 E AndroidRuntime: Caused by: android.system.ErrnoException: open failed: EACCES (Permission denied)
06-29 09:43:50.714  6957  6975 E AndroidRuntime: 	at libcore.io.Linux.open(Native Method)
06-29 09:43:50.714  6957  6975 E AndroidRuntime: 	at libcore.io.ForwardingOs.open(ForwardingOs.java:568)
06-29 09:43:50.714  6957  6975 E AndroidRuntime: 	at libcore.io.BlockGuardOs.open(BlockGuardOs.java:274)
06-29 09:43:50.714  6957  6975 E AndroidRuntime: 	at libcore.io.ForwardingOs.open(ForwardingOs.java:568)
06-29 09:43:50.714  6957  6975 E AndroidRuntime: 	at android.app.ActivityThread$AndroidOs.open(ActivityThread.java:8953)
06-29 09:43:50.714  6957  6975 E AndroidRuntime: 	at libcore.io.IoBridge.open(IoBridge.java:560)
06-29 09:43:50.714  6957  6975 E AndroidRuntime: 	... 7 more
06-29 09:43:50.718   735  6986 I DropBoxManagerService: add tag=data_app_crash isTagEnabled=true flags=0x2
06-29 09:43:50.721   735  2362 W ActivityTaskManager:   Force finishing activity com.dabber/.MainActivity
06-29 09:43:50.722  1206  1277 V WindowManagerShell: Transition requested (#22): android.os.BinderProxy@24385cb TransitionRequestInfo { type = CLOSE, triggerTask = TaskInfo{userId=0 taskId=9 effectiveUid=10214 displayId=0 isRunning=true baseIntent=Intent { flg=0x10000000 cmp=com.dabber/.MainActivity } baseActivity=ComponentInfo{com.dabber/com.dabber.MainActivity} topActivity=ComponentInfo{com.dabber/com.dabber.MainActivity} origActivity=null realActivity=ComponentInfo{com.dabber/com.dabber.MainActivity} numActivities=1 lastActiveTime=648091 supportsMultiWindow=true resizeMode=1 isResizeable=true minWidth=-1 minHeight=-1 defaultMinSize=220 token=WCT{android.window.IWindowContainerToken$Stub$Proxy@f8601a8} topActivityType=1 pictureInPictureParams=null shouldDockBigOverlays=false launchIntoPipHostTaskId=-1 lastParentTaskIdBeforePip=-1 displayCutoutSafeInsets=Rect(0, 0 - 0, 0) topActivityInfo=ActivityInfo{8014c1 com.dabber.MainActivity} launchCookies=[] positionInParent=Point(0, 0) parentTaskId=-1 isFocused=true isVisible=true isVisibleRequested=true isTopActivityNoDisplay=false isSleeping=false locusId=null displayAreaFeatureId=1 isTopActivityTransparent=false isActivityStackTransparent=false lastNonFullscreenBounds=Rect(321, 784 - 951, 2056) capturedLink=null capturedLinkTimestamp=0 requestedVisibleTypes=-9 topActivityRequestOpenInBrowserEducationTimestamp=0 appCompatTaskInfo=AppCompatTaskInfo { topActivityInSizeCompat=false eligibleForLetterboxEducation= false isLetterboxEducationEnabled= true isLetterboxDoubleTapEnabled= false eligibleForUserAspectRatioButton= false topActivityBoundsLetterboxed= false isFromLetterboxDoubleTap= false topActivityLetterboxVerticalPosition= -1 topActivityLetterboxHorizontalPosition= -1 topActivityLetterboxWidth=-1 topActivityLetterboxHeight=-1 topActivityAppBounds=Rect(0, 0 - 1272, 2772) isUserFullscreenOverrideEnabled=false isSystemFullscreenOverrideEnabled=false hasMinAspectRatioOverride=false topActivityLetterboxBounds=null cameraCompatTaskInfo=CameraCompatTaskInfo { freeformCameraCompatMode=inactive}} topActivityMainWindowFrame=null}, pipChange = null, remoteTransition = null, displayChange = null, flags = 16, debugId = 22 }
06-29 09:43:50.727   598   793 I BpBinder: onLastStrongRef automatically unlinking death recipients: 
06-29 09:43:50.734  6957  6975 I Process : Sending signal. PID: 6957 SIG: 9
06-29 09:43:50.741   598   598 I BpBinder: onLastStrongRef automatically unlinking death recipients: 
06-29 09:43:50.819   607   607 I adbd    : Remote process closed the socket (on MSG_PEEK)
06-29 09:43:50.821   735  2077 I ActivityManager: Process com.dabber (pid 6957) has died: fg  TOP 
06-29 09:43:50.821   524   524 I Zygote  : Process 6957 exited due to signal 9 (Killed)
06-29 09:43:50.822   735   772 I libprocessgroup: Removed cgroup /sys/fs/cgroup/apps/uid_10214/pid_6957
06-29 09:43:50.823   735  1193 I ImeTracker: com.dabber:ef91d2a5: onRequestHide at ORIGIN_SERVER reason HIDE_REMOVE_CLIENT fromUser false
06-29 09:43:50.824   735  1193 I ImeTracker: com.dabber:ef91d2a5: onCancelled at PHASE_SERVER_SHOULD_HIDE
06-29 09:43:50.824   735  2077 D OomAdjuster: Not killing cached processes
06-29 09:43:50.800     0     0 I binder  : undelivered transaction 370537, process died.
06-29 09:43:50.825   735  1473 I WindowManager: WIN DEATH: Window{6eeae22 u0 com.dabber/com.dabber.MainActivity}
06-29 09:43:50.833   735   764 W ActivityManager: setHasOverlayUi called on unknown pid: 6957
06-29 09:43:50.834  1463  1463 D ViewRootImpl: Skipping stats log for color mode
06-29 09:43:50.836   735  1120 D InetDiagMessage: Destroyed 0 sockets, proto=IPPROTO_TCP, family=AF_INET, states=14
06-29 09:43:50.836   735  2077 I AppWidgetServiceImpl: startListening() 0
06-29 09:43:50.837  1463  1463 D StatsLog: LAUNCHER_ONRESUME
06-29 09:43:50.838   735  1120 D InetDiagMessage: Destroyed 0 sockets, proto=IPPROTO_TCP, family=AF_INET6, states=14
06-29 09:43:50.838   735  1120 D InetDiagMessage: Destroyed live tcp sockets for uids={10214} in 6ms
06-29 09:43:50.839   735  1166 D BackgroundInstallControlService: Package event received: 0
06-29 09:43:50.839  1206  1277 D WindowManagerShell: setLauncherKeepClearAreaHeight: visible=true, height=565
06-29 09:43:50.841   735  1120 D InetDiagMessage: Destroyed 0 sockets, proto=IPPROTO_TCP, family=AF_INET, states=14
06-29 09:43:50.841   735  1166 D BackgroundInstallControlService: Package event received: 0
06-29 09:43:50.842   735  1166 D BackgroundInstallControlService: Package event received: 0
06-29 09:43:50.843   735  1120 D InetDiagMessage: Destroyed 0 sockets, proto=IPPROTO_TCP, family=AF_INET6, states=14
06-29 09:43:50.843   735  1120 D InetDiagMessage: Destroyed live tcp sockets for uids={20214} in 5ms
06-29 09:43:50.847  1463  1491 D QuickstepModelDelegate: notifyAppTargetEvent action=1 launchLocation=workspace/0/[-1,-1]/[1,1]
06-29 09:43:50.850  1463  1463 D NexusLauncherModelDelegate: notifySmartspaceEvent: SmartspaceTargetEvent{mSmartspaceTarget=null, mSmartspaceActionId='null', mEventType=6}
06-29 09:43:50.856  1807  1950 I AiAiEcho: Predicting[0]:  [CONTEXT sampling_count=5 ]
06-29 09:43:50.857  1807  1950 I AiAiEcho: EchoTargets: 
06-29 09:43:50.857  1807  1950 I AiAiEcho: Filtered by AiAi flag check: 
06-29 09:43:50.857  1807  1950 I AiAiEcho: [CONTEXT ratelimit_period="10 SECONDS" ]
06-29 09:43:50.857  1807  1950 I AiAiEcho: #remoteViewsTwiddler: feature disabled.
06-29 09:43:50.858  1807  1950 I AiAiEcho: #postPredictionTargets: Sending updates to UISurface home with targets# 0 (types=[])
06-29 09:43:50.865  1463  1463 D BaseDepthController: setSurface:
06-29 09:43:50.865  1463  1463 D BaseDepthController: 	mWaitingOnSurfaceValidity: false
06-29 09:43:50.865  1463  1463 D BaseDepthController: 	mBaseSurface: Surface(name=com.google.android.apps.nexuslauncher/com.google.android.apps.nexuslauncher.NexusLauncherActivity)/@0x484ba82
06-29 09:43:50.876   735   765 W ActivityTaskManager: Unable to send transaction to client proc com.dabber: no app thread
06-29 09:43:50.894   521   556 I netd    : tetherGetStats() -> {[]} <3.88ms>
06-29 09:43:50.899   735   838 D ActivityManager: sync unfroze 6272 com.google.android.googlequicksearchbox:search for 6
06-29 09:43:50.920  1463  1463 I NotificationListener: Handling notification state refresh for com.android.shell#0
06-29 09:43:50.920  1463  1463 D SsBaseTemplateCard: No text view can be set up
06-29 09:43:50.920   735  1120 D ConnectivityService: releasing NetworkRequest [ REQUEST id=209, [ Transports: CELLULAR Capabilities: INTERNET&NOT_RESTRICTED&TRUSTED&NOT_VPN&NOT_VCN_MANAGED&NOT_BANDWIDTH_CONSTRAINED Uid: 10147 RequestorUid: 10147 RequestorPkg: com.google.android.googlequicksearchbox UnderlyingNetworks: Null] ] (release request)
06-29 09:43:50.920  1463  1463 D SsBaseTemplateCard: Passed-in item info is null
06-29 09:43:50.921  1463  1463 D SsBaseTemplateCard: Passed-in item info is null
06-29 09:43:50.921  1463  1463 D SsBaseTemplateCard: Passed-in item info is null
06-29 09:43:50.921  1463  1463 I SsBaseTemplateCard: Secondary card pane is null
06-29 09:43:50.921   735  1120 I ConnectivityService: Update capabilities for net 101 : -FOREGROUND
06-29 09:43:50.930   735  1473 W ProcessStats: Tracking association SourceState{d3e12a6 system/1000 ImpBg #6000} whose proc state 6 is better than process ProcessState{ae31bd4 com.google.android.googlequicksearchbox:search/10147 pkg=com.google.android.googlequicksearchbox} proc state 14 (2 skipped)
06-29 09:43:50.933  1206  2152 V WindowManagerShell: onTransitionReady(transaction=3156800963181)
06-29 09:43:50.933  1206  1277 V WindowManagerShell: onTransitionReady (#22) android.os.BinderProxy@24385cb: {id=22 t=CLOSE f=0x10 trk=0 r=[0@Point(0, 0)] c=[
06-29 09:43:50.933  1206  1277 V WindowManagerShell:         {m=TO_FRONT f=SHOW_WALLPAPER|MOVE_TO_TOP leash=Surface(name=Task=1)/@0xb21d466 sb=Rect(0, 0 - 1272, 2772) eb=Rect(0, 0 - 1272, 2772) epz=Point(1272, 2772) d=0 taskParent=-1},
06-29 09:43:50.933  1206  1277 V WindowManagerShell:         {m=CLOSE f=NONE leash=Surface(name=Task=9)/@0x902b3a7 sb=Rect(0, 0 - 1272, 2772) eb=Rect(0, 0 - 1272, 2772) epz=Point(1272, 2772) d=0 taskParent=-1},
06-29 09:43:50.933  1206  1277 V WindowManagerShell:         {m=TO_FRONT f=IS_WALLPAPER leash=Surface(name=WallpaperWindowToken{1dd15a8 showWhenLocked=false})/@0x30d9054 sb=Rect(0, 0 - 1272, 2772) eb=Rect(0, 0 - 1272, 2772) epz=Point(1272, 2772) d=0}
06-29 09:43:50.933  1206  1277 V WindowManagerShell:     ]}
06-29 09:43:50.936  1206  1277 V WindowManagerShell: Playing animation for (#22) android.os.BinderProxy@24385cb@0
06-29 09:43:50.938  1206  1277 V ShellRecents: RecentsTransitionHandler.startAnimation: no controller found
06-29 09:43:50.938  1206  1277 V WindowManagerShell: Transition doesn't have explicit remote, search filters for match for {id=22 t=CLOSE f=0x10 trk=0 r=[0@Point(0, 0)] c=[{m=TO_FRONT f=SHOW_WALLPAPER|MOVE_TO_TOP leash=Surface(name=Task=1)/@0xb21d466 sb=Rect(0, 0 - 1272, 2772) eb=Rect(0, 0 - 1272, 2772) epz=Point(1272, 2772) d=0 taskParent=-1},{m=CLOSE f=NONE leash=Surface(name=Task=9)/@0x902b3a7 sb=Rect(0, 0 - 1272, 2772) eb=Rect(0, 0 - 1272, 2772) epz=Point(1272, 2772) d=0 taskParent=-1},{m=TO_FRONT f=IS_WALLPAPER leash=Surface(name=WallpaperWindowToken{1dd15a8 showWhenLocked=false})/@0x30d9054 sb=Rect(0, 0 - 1272, 2772) eb=Rect(0, 0 - 1272, 2772) epz=Point(1272, 2772) d=0}]}
06-29 09:43:50.938  1206  1277 V WindowManagerShell:  Checking filter Pair{{types=[] flags=0x0] notFlags=0x0 checks=[{atype=undefined independent=true modes=[CLOSE,TO_BACK] flags=IN_TASK_WITH_EMBEDDED_ACTIVITY mustBeTask=false order=ANY topActivity=null launchCookie=null taskFragmentToken=android.os.BinderProxy@da608cc windowingMode=undefined}]} RemoteTransition { remoteTransition = android.window.IRemoteTransition$Stub$Proxy@281715, appThread = android.app.IApplicationThread$Stub$Proxy@7586a2a, debugName = overlayBackTransition }}
06-29 09:43:50.940  1206  1277 V WindowManagerShell:  Checking filter Pair{{types=[] flags=0x0] notFlags=0x0 checks=[{atype=dream independent=true modes=[OPEN,TO_FRONT] flags=NONE mustBeTask=false order=ANY topActivity=null launchCookie=null windowingMode=undefined},{atype=home independent=true modes=[CLOSE,TO_BACK] flags=NONE mustBeTask=false order=ANY topActivity=null launchCookie=null windowingMode=undefined}]} RemoteTransition { remoteTransition = android.window.IRemoteTransition$Stub$Proxy@77a301b, appThread = android.app.IApplicationThread$Stub$Proxy@990e5b8, debugName = LauncherToDream }}
06-29 09:43:50.940  1206  1277 V WindowManagerShell:  Checking filter Pair{{types=[] flags=0x0] notFlags=0x100 checks=[{atype=home independent=true modes=[OPEN,TO_FRONT] flags=NONE mustBeTask=false order=TOP topActivity=ComponentInfo{com.google.android.apps.nexuslauncher/com.google.android.apps.nexuslauncher.NexusLauncherActivity} launchCookie=null windowingMode=undefined},{atype=standard independent=true modes=[CLOSE,TO_BACK] flags=NONE mustBeTask=false order=ANY topActivity=null launchCookie=null windowingMode=undefined},{NOT atype=undefined independent=true modes=[] flags=NONE mustBeTask=true order=ANY topActivity=null launchCookie=null customAnim=true windowingMode=undefined}]} RemoteTransition { remoteTransition = android.window.IRemoteTransition$Stub$Proxy@d000f91, appThread = android.app.IApplicationThread$Stub$Proxy@8eafef6, debugName = QuickstepLaunchHome }}
06-29 09:43:50.941  1206  1277 D RemoteTransitionHandler: Found filterPair{{types=[] flags=0x0] notFlags=0x100 checks=[{atype=home independent=true modes=[OPEN,TO_FRONT] flags=NONE mustBeTask=false order=TOP topActivity=ComponentInfo{com.google.android.apps.nexuslauncher/com.google.android.apps.nexuslauncher.NexusLauncherActivity} launchCookie=null windowingMode=undefined},{atype=standard independent=true modes=[CLOSE,TO_BACK] flags=NONE mustBeTask=false order=ANY topActivity=null launchCookie=null windowingMode=undefined},{NOT atype=undefined independent=true modes=[] flags=NONE mustBeTask=true order=ANY topActivity=null launchCookie=null customAnim=true windowingMode=undefined}]} RemoteTransition { remoteTransition = android.window.IRemoteTransition$Stub$Proxy@d000f91, appThread = android.app.IApplicationThread$Stub$Proxy@8eafef6, debugName = QuickstepLaunchHome }}
06-29 09:43:50.942  1206  1277 V WindowManagerShell:  Delegate animation for (#22) to RemoteTransition { remoteTransition = android.window.IRemoteTransition$Stub$Proxy@d000f91, appThread = android.app.IApplicationThread$Stub$Proxy@8eafef6, debugName = QuickstepLaunchHome }
06-29 09:43:50.944   735   760 V WindowManager: Sent Transition (#22) createdAt=06-29 09:43:50.721 via request=TransitionRequestInfo { type = CLOSE, triggerTask = TaskInfo{userId=0 taskId=9 effectiveUid=10214 displayId=0 isRunning=true baseIntent=Intent { flg=0x10000000 cmp=com.dabber/.MainActivity } baseActivity=ComponentInfo{com.dabber/com.dabber.MainActivity} topActivity=ComponentInfo{com.dabber/com.dabber.MainActivity} origActivity=null realActivity=ComponentInfo{com.dabber/com.dabber.MainActivity} numActivities=1 lastActiveTime=648091 supportsMultiWindow=true resizeMode=1 isResizeable=true minWidth=-1 minHeight=-1 defaultMinSize=220 token=WCT{RemoteToken{93b870d Task{a16914f #9 type=standard A=10214:com.dabber}}} topActivityType=1 pictureInPictureParams=null shouldDockBigOverlays=false launchIntoPipHostTaskId=-1 lastParentTaskIdBeforePip=-1 displayCutoutSafeInsets=Rect(0, 0 - 0, 0) topActivityInfo=ActivityInfo{28ca6c2 com.dabber.MainActivity} launchCookies=[] positionInParent=Point(0, 0) parentTaskId=-1 isFocused=true isVisible=true isVisibleRequested=true isTopActivityNoDisplay=false isSleeping=false locusId=null displayAreaFeatureId=1 isTopActivityTransparent=false isActivityStackTransparent=false lastNonFullscreenBounds=Rect(321, 784 - 951, 2056) capturedLink=null capturedLinkTimestamp=0 requestedVisibleTypes=-9 topActivityRequestOpenInBrowserEducationTimestamp=0 appCompatTaskInfo=AppCompatTaskInfo { topActivityInSizeCompat=false eligibleForLetterboxEducation= false isLetterboxEducationEnabled= true isLetterboxDoubleTapEnabled= false eligibleForUserAspectRatioButton= false topActivityBoundsLetterboxed= false isFromLetterboxDoubleTap= false topActivityLetterboxVerticalPosition= -1 topActivityLetterboxHorizontalPosition= -1 topActivityLetterboxWidth=-1 topActivityLetterboxHeight=-1 topActivityAppBounds=Rect(0, 0 - 1272, 2772) isUserFullscreenOverrideEnabled=false isSystemFullscreenOverrideEnabled=false hasMinAspectRatioOverride=false topActivityLetterboxBounds=null cameraCompatTaskInfo=CameraCompatTaskInfo { freeformCameraCompatMode=inactive}} topActivityMainWindowFrame=null}, pipChange = null, remoteTransition = null, displayChange = null, flags = 16, debugId = 22 }
06-29 09:43:50.951   735   760 V WindowManager:     startWCT=WindowContainerTransaction { changes= {} hops= [] errorCallbackToken=null taskFragmentOrganizer=null }
06-29 09:43:50.951   735   760 V WindowManager:     info={id=22 t=CLOSE f=0x10 trk=0 r=[0@Point(0, 0)] c=[
06-29 09:43:50.951   735   760 V WindowManager:         {WCT{RemoteToken{64c2229 Task{fd959ff #1 type=home}}} m=TO_FRONT f=SHOW_WALLPAPER|MOVE_TO_TOP leash=Surface(name=Task=1)/@0xf18a9ab sb=Rect(0, 0 - 1272, 2772) eb=Rect(0, 0 - 1272, 2772) epz=Point(1272, 2772) d=0 taskParent=-1},
06-29 09:43:50.951   735   760 V WindowManager:         {WCT{RemoteToken{93b870d Task{a16914f #9 type=standard A=10214:com.dabber}}} m=CLOSE f=NONE leash=Surface(name=Task=9)/@0xabda437 sb=Rect(0, 0 - 1272, 2772) eb=Rect(0, 0 - 1272, 2772) epz=Point(1272, 2772) d=0 taskParent=-1},
06-29 09:43:50.951   735   760 V WindowManager:         {m=TO_FRONT f=IS_WALLPAPER leash=Surface(name=WallpaperWindowToken{1dd15a8 showWhenLocked=false})/@0xafdf225 sb=Rect(0, 0 - 1272, 2772) eb=Rect(0, 0 - 1272, 2772) epz=Point(1272, 2772) d=0}
06-29 09:43:50.951   735   760 V WindowManager:     ]}
06-29 09:43:50.952  1206  1277 V WindowManagerShell:  animated by com.android.wm.shell.transition.RemoteTransitionHandler@e20c9ab
06-29 09:43:50.953   521   556 I netd    : networkSetPermissionForNetwork(101, 1) <31.25ms>
06-29 09:43:50.954   735  1120 W IPCThreadState: Sending oneway calls to frozen process.
06-29 09:43:50.956   735  1120 W IPCThreadState: Sending oneway calls to frozen process.
06-29 09:43:50.957   735  1120 W IPCThreadState: Sending oneway calls to frozen process.
06-29 09:43:50.960  1463  1463 D StateManager: createAtomicAnimation - fromState: Background, toState: Normal, partial trace:
06-29 09:43:50.960  1463  1463 D StateManager: 	at com.android.quickstep.util.ScalingWorkspaceRevealAnim.<init>(go/retraceme 5a544d9e8fb14194a69e2b7a778e7e5394990cdcfcf28c73553bb75ca978b9e9:39)
06-29 09:43:50.960  1463  1463 D StateManager: 	at com.android.launcher3.QuickstepTransitionManager.createWallpaperOpenAnimations(go/retraceme 5a544d9e8fb14194a69e2b7a778e7e5394990cdcfcf28c73553bb75ca978b9e9:168)
06-29 09:43:50.960  1463  1463 D StateManager: 	at com.android.launcher3.QuickstepTransitionManager$WallpaperOpenLauncherAnimationRunner.onAnimationStart(go/retraceme 5a544d9e8fb14194a69e2b7a778e7e5394990cdcfcf28c73553bb75ca978b9e9:17)
06-29 09:43:50.961  1463  1463 D b/311077782: LauncherAnimationRunner.setAnimation
06-29 09:43:50.969  1463  1491 I s.nexuslauncher: AssetManager2(0x741caba56a58) locale list changing from [] to [en-US]
06-29 09:43:50.978   735   867 I ImeTracker: com.google.android.apps.nexuslauncher:32f90c46: onRequestHide at ORIGIN_SERVER reason HIDE_UNSPECIFIED_WINDOW fromUser false
06-29 09:43:50.994  1668  1668 I GoogleInputMethodService: GoogleInputMethodService.onFinishInput():2043 
06-29 09:43:50.996  1668  1668 I Module  : DeviceLockedStatusModuleProvider$Module.updateDeviceLockedStatus():100 repeatCheckTimes = 0, locked = false
06-29 09:43:50.996   735  1926 I ImeTracker: system_server:90ce5af0: onRequestHide at ORIGIN_SERVER reason IME_REQUESTED_CHANGED_LISTENER fromUser false
06-29 09:43:51.000  1668  1668 I GoogleInputMethodService: GoogleInputMethodService.onStartInput():1293 onStartInput(EditorInfo{EditorInfo{packageName=com.google.android.apps.nexuslauncher, inputType=0, inputTypeString=NULL, enableLearning=false, autoCorrection=false, autoComplete=false, imeOptions=0, privateImeOptions=null, actionName=UNSPECIFIED, actionLabel=null, initialSelStart=-1, initialSelEnd=-1, initialCapsMode=0, label=null, fieldId=0, fieldName=null, extras=null, hintText=null, hintLocales=[]}}, false)
06-29 09:43:51.001  1668  1668 I EmojiCompatManager: EmojiCompatManager.getEmojiCompatIfLoaded():343 EmojiCompat.init() was never called.
06-29 09:43:51.001  1668  1668 I EmojiCompatManager: java.lang.IllegalStateException: EmojiCompat is not initialized. Please call EmojiCompat.init() first
06-29 09:43:51.001  1668  1668 I EmojiCompatManager: 	at asx.p(PG:6)
06-29 09:43:51.001  1668  1668 I EmojiCompatManager: 	at axb.b(PG:13)
06-29 09:43:51.001  1668  1668 I EmojiCompatManager: 	at jnr.b(PG:2)
06-29 09:43:51.001  1668  1668 I EmojiCompatManager: 	at jnr.c(PG:4)
06-29 09:43:51.001  1668  1668 I EmojiCompatManager: 	at jnr.f(PG:3)
06-29 09:43:51.001  1668  1668 I EmojiCompatManager: 	at jnx.c(PG:3)
06-29 09:43:51.001  1668  1668 I EmojiCompatManager: 	at kif.cz(PG:47)
06-29 09:43:51.001  1668  1668 I EmojiCompatManager: 	at lhl.run(PG:1025)
06-29 09:43:51.001  1668  1668 I EmojiCompatManager: 	at jaf.execute(PG:12)
06-29 09:43:51.001  1668  1668 I EmojiCompatManager: 	at nco.v(PG:13)
06-29 09:43:51.001  1668  1668 I EmojiCompatManager: 	at lhn.m(PG:96)
06-29 09:43:51.001  1668  1668 I EmojiCompatManager: 	at lhn.k(PG:25)
06-29 09:43:51.001  1668  1668 I EmojiCompatManager: 	at kgn.onStartInput(PG:250)
06-29 09:43:51.001  1668  1668 I EmojiCompatManager: 	at android.inputmethodservice.InputMethodService.doStartInput(InputMethodService.java:3521)
06-29 09:43:51.001  1668  1668 I EmojiCompatManager: 	at android.inputmethodservice.InputMethodService$InputMethodImpl.startInput(InputMethodService.java:879)
06-29 09:43:51.001  1668  1668 I EmojiCompatManager: 	at android.inputmethodservice.InputMethodService$InputMethodImpl.dispatchStartInput(InputMethodService.java:908)
06-29 09:43:51.001  1668  1668 I EmojiCompatManager: 	at android.inputmethodservice.IInputMethodWrapper.executeMessage(IInputMethodWrapper.java:201)
06-29 09:43:51.001  1668  1668 I EmojiCompatManager: 	at com.android.internal.os.HandlerCaller$MyHandler.handleMessage(HandlerCaller.java:44)
06-29 09:43:51.001  1668  1668 I EmojiCompatManager: 	at android.os.Handler.dispatchMessage(Handler.java:110)
06-29 09:43:51.001  1668  1668 I EmojiCompatManager: 	at android.os.Looper.loopOnce(Looper.java:248)
06-29 09:43:51.001  1668  1668 I EmojiCompatManager: 	at android.os.Looper.loop(Looper.java:338)
06-29 09:43:51.001  1668  1668 I EmojiCompatManager: 	at android.app.ActivityThread.main(ActivityThread.java:9067)
06-29 09:43:51.001  1668  1668 I EmojiCompatManager: 	at java.lang.reflect.Method.invoke(Native Method)
06-29 09:43:51.001  1668  1668 I EmojiCompatManager: 	at com.android.internal.os.RuntimeInit$MethodAndArgsCaller.run(RuntimeInit.java:593)
06-29 09:43:51.001  1668  1668 I EmojiCompatManager: 	at com.android.internal.os.ZygoteInit.main(ZygoteInit.java:932)
06-29 09:43:51.003  1668  1668 I Module  : DeviceLockedStatusModuleProvider$Module.updateDeviceLockedStatus():100 repeatCheckTimes = 1, locked = false
06-29 09:43:51.003   735   765 W ActivityTaskManager: Unable to send transaction to client proc com.dabber: no app thread
06-29 09:43:51.004   735   764 I ImeTracker: system_server:90ce5af0: onCancelled at PHASE_SERVER_SHOULD_HIDE
06-29 09:43:51.002  6272  6272 I avrd    : (REDACTED) Starting %s background task %s.
06-29 09:43:51.006  1463  1463 D InsetsController: hide(ime(), fromIme=false)
06-29 09:43:51.007  1463  1463 I ImeTracker: com.google.android.apps.nexuslauncher:32f90c46: onCancelled at PHASE_CLIENT_ALREADY_HIDDEN
06-29 09:43:51.009   735  2077 W PackageConfigPersister: App-specific configuration not found for packageName: com.google.android.apps.nexuslauncher and userId: 0
06-29 09:43:51.017   598   598 I BpBinder: onLastStrongRef automatically unlinking death recipients: 
06-29 09:43:51.040   735  1114 D WifiClientModeImpl[78975:wlan0]: updateLinkLayerStatsRssiSpeedFrequencyCapabilities rssi=-50 TxLinkspeed=1 freq=2447 RxLinkSpeed=2
06-29 09:43:51.040   735  1114 D WifiDataStall: tx tput in kbps: 11000
06-29 09:43:51.040   735  1114 D WifiDataStall: rx tput in kbps: 11000
06-29 09:43:51.040   735  1114 V WifiConfigManager: Updating scan detail cache freq=2447 BSSID=00:13:10:85:fe:01 RSSI=-50 for "AndroidWifi"NONE
06-29 09:43:51.041   735  1114 D WifiThroughputPredictor:  utilization (LLS) 80 isBluetoothConnected: false final utilization: 80
06-29 09:43:51.041   735  1114 D WifiThroughputPredictor:  BW: 0 RSSI: -50 Nss: 1 Mode: 1 symDur: 4000 snrDb 30 bitPerTone: 4500 rate: 54 throughput: 11
06-29 09:43:51.041   735  1114 D WifiThroughputPredictor:  utilization (LLS) 80 isBluetoothConnected: false final utilization: 80
06-29 09:43:51.041  6272  6989 I aukg    : Using pair HTTP connection
06-29 09:43:51.042   735  1114 D WifiThroughputPredictor:  BW: 0 RSSI: -50 Nss: 1 Mode: 1 symDur: 4000 snrDb 30 bitPerTone: 4500 rate: 54 throughput: 11
06-29 09:43:51.042   735  1114 D WifiThroughputPredictor:  utilization (LLS) 80 isBluetoothConnected: false final utilization: 80
06-29 09:43:51.042   735  1114 D WifiThroughputPredictor:  BW: 0 RSSI: -50 Nss: 1 Mode: 1 symDur: 4000 snrDb 30 bitPerTone: 4500 rate: 54 throughput: 11
06-29 09:43:51.042   735  1114 D WifiThroughputPredictor:  utilization (LLS) 80 isBluetoothConnected: false final utilization: 80
06-29 09:43:51.042   735  1114 D WifiThroughputPredictor:  BW: 0 RSSI: -50 Nss: 1 Mode: 1 symDur: 4000 snrDb 30 bitPerTone: 4500 rate: 54 throughput: 11
06-29 09:43:51.044   735  1114 D WifiScoreCard: BSSID update SIGNAL_POLL ID: 2076487524 SSID: "AndroidWifi", BSSID: 00:13:10:85:fe:01, MAC: 02:15:b2:00:00:00, IP: /10.0.2.16, Security type: 0, Supplicant state: COMPLETED, Wi-Fi standard: legacy, RSSI: -50, Link speed: 1Mbps, Tx Link speed: 1Mbps, Max Supported Tx Link speed: 11Mbps, Rx Link speed: 2Mbps, Max Supported Rx Link speed: 11Mbps, Frequency: 2447MHz, Net ID: 0, Metered hint: false, score: 60, isUsable: true, CarrierMerged: false, SubscriptionId: -1, IsPrimary: 1, Trusted: true, Restricted: false, Ephemeral: false, OEM paid: false, OEM private: false, OSU AP: false, FQDN: <none>, Provider friendly name: <none>, Requesting package name: <none>"AndroidWifi"openMLO Information: , Is TID-To-Link negotiation supported by the AP: false, AP MLD Address: <none>, AP MLO Link Id: <none>, AP MLO Affiliated links: <none>, Vendor Data: <none>
06-29 09:43:51.045   735  1114 D WifiScoreCard: txRate: 1 txSpeed: 1
06-29 09:43:51.045   735  1114 D WifiScoreCard: network update SIGNAL_POLL "AndroidWifi" ID: 443710621 RSSI -50 txSpeed -1
06-29 09:43:51.046   735  2078 I WifiService: getWifiEnabledState uid=10147 state=3
06-29 09:43:51.046   735  1114 D WifiClientModeImpl[78975:wlan0]:  ClientModeImpl$L2ConnectedState screen=on 1 0 "AndroidWifi" 00:13:10:85:fe:01 rssi=-50 f=2447 sc=60 link=1 tx=0.0, 0.0, 0.0 rx=0.0 bcn=0 [on:0 tx:0 rx:0 period:3015] from screen [on:0 period:314803206] score=60
06-29 09:43:51.054  6272  6392 I abhp    : [Upload] Connected
06-29 09:43:51.057  6272  6302 W acte    : Account id is not cached
06-29 09:43:51.074  6272  6392 I aukg    : Using pair HTTP connection
06-29 09:43:51.075  6272  6272 E rdv     : onError
06-29 09:43:51.075  6272  6272 E rdv     : afvv: errorCode: 65561, engine: 2
06-29 09:43:51.075  6272  6272 E rdv     : 	at auki.a(PG:23)
06-29 09:43:51.075  6272  6272 E rdv     : 	at abhl.hv(PG:13)
06-29 09:43:51.075  6272  6272 E rdv     : 	at fyqd.e(PG:9)
06-29 09:43:51.075  6272  6272 E rdv     : 	at ahbi.d(PG:154)
06-29 09:43:51.075  6272  6272 E rdv     : 	at ahbi.iW(PG:26)
06-29 09:43:51.075  6272  6272 E rdv     : 	at abhm.c(PG:102)
06-29 09:43:51.075  6272  6272 E rdv     : 	at abhn.run(PG:1)
06-29 09:43:51.075  6272  6272 E rdv     : 	at java.util.concurrent.Executors$RunnableAdapter.call(Executors.java:524)
06-29 09:43:51.075  6272  6272 E rdv     : 	at java.util.concurrent.FutureTask.run(FutureTask.java:317)
06-29 09:43:51.075  6272  6272 E rdv     : 	at aggv.run(PG:20)
06-29 09:43:51.075  6272  6272 E rdv     : 	at aght.run(PG:3)
06-29 09:43:51.075  6272  6272 E rdv     : 	at aght.run(PG:3)
06-29 09:43:51.075  6272  6272 E rdv     : 	at java.util.concurrent.ThreadPoolExecutor.runWorker(ThreadPoolExecutor.java:1156)
06-29 09:43:51.075  6272  6272 E rdv     : 	at java.util.concurrent.ThreadPoolExecutor$Worker.run(ThreadPoolExecutor.java:651)
06-29 09:43:51.075  6272  6272 E rdv     : 	at java.lang.Thread.run(Thread.java:1119)
06-29 09:43:51.075  6272  6272 E rdv     : 	at aggj.run(PG:42)
06-29 09:43:51.075  6272  6272 E rdv     : Caused by: afvx: errorCode: 65586, engine: 2
06-29 09:43:51.075  6272  6272 E rdv     : 	at abhl.hv(PG:6)
06-29 09:43:51.075  6272  6272 E rdv     : 	... 14 more
06-29 09:43:51.075  6272  6272 E rdv     : Caused by: afvt: errorCode: 401, engine: 2
06-29 09:43:51.075  6272  6272 E rdv     : 	at rds.b(PG:30)
06-29 09:43:51.075  6272  6272 E rdv     : 	at abii.hJ(PG:11)
06-29 09:43:51.075  6272  6272 E rdv     : 	at ahbi.d(PG:129)
06-29 09:43:51.075  6272  6272 E rdv     : 	... 12 more
06-29 09:43:51.077   735  2078 I WifiService: getWifiEnabledState uid=10147 state=3
06-29 09:43:51.116   735  1926 I WifiService: getWifiEnabledState uid=10147 state=3
06-29 09:43:51.124  6272  6299 W dncx    : Upload request without a content type.
06-29 09:43:51.126  6272  6393 I abhp    : [Upload] Connected
06-29 09:43:51.133  6272  6272 W qrh     : Failed to sync device settings.
06-29 09:43:51.134  6272  6272 I qrh     : Retrying to sync device settings.
06-29 09:43:51.145  6272  6272 W JobInfo : Job 'com.google.android.googlequicksearchbox/com.google.android.apps.gsa.tasks.BackgroundTasksJobService#-353' has a deadline with functional constraints and an extremely short time window of 0 ms (delay=480000, deadline=480000). The functional constraints are not likely to be satisfied when the job runs.
06-29 09:43:51.146   735  2077 W JobInfo : Job 'com.google.android.googlequicksearchbox/com.google.android.apps.gsa.tasks.BackgroundTasksJobService#-353' has a deadline with functional constraints and an extremely short time window of 0 ms (delay=480000, deadline=480000). The functional constraints are not likely to be satisfied when the job runs.
06-29 09:43:51.150   735  2077 W JobInfo : Job 'com.google.android.googlequicksearchbox/com.google.android.apps.gsa.tasks.BackgroundTasksJobService#-353' has a deadline with functional constraints and an extremely short time window of 0 ms (delay=480000, deadline=480000). The functional constraints are not likely to be satisfied when the job runs.
06-29 09:43:51.164   735  2078 W JobScheduler: Job didn't exist in JobStore: b01000d #u0a147/-353 com.google.android.googlequicksearchbox/com.google.android.apps.gsa.tasks.BackgroundTasksJobService
06-29 09:43:51.981  1463  1463 D ScalingWorkspaceRevealAnim: alpha of workspace at the end of animation: 1.0
06-29 09:43:52.020  1206  1277 V WindowManagerShell: Transition animation finished (aborted=false), notifying core (#22) android.os.BinderProxy@24385cb@0
06-29 09:43:52.024   735   760 V WindowManager: Finish Transition (#22): created at 06-29 09:43:50.721 collect-started=0.068ms request-sent=0.156ms started=10.839ms ready=109.592ms sent=210.181ms commit=29.034ms finished=1301.576ms
06-29 09:43:52.026   735  1473 E IPCThreadState: Binder transaction failure. id: 371636, BR_*: 29189, error: -22 (Invalid argument)
06-29 09:43:52.001     0     0 I binder  : 1473:735 cannot find target node
06-29 09:43:52.002     0     0 I binder  : 735:1473 transaction async to 0:0 failed 371636/29189/-22, size 64-0 line 3348
06-29 09:43:52.028   735  1473 W ActivityManager: pid 735 system sent binder code 7 with flags 1 to frozen apps and got error -32
06-29 09:43:52.028   735  1473 D ActivityManager: Too many transaction errors, throttling freezer binder callback.
06-29 09:43:52.029   735  1473 W WindowManager: Exception thrown during dispatchAppVisibility Window{6eeae22 u0 com.dabber/com.dabber.MainActivity EXITING}
06-29 09:43:52.029   735  1473 W WindowManager: android.os.DeadObjectException
06-29 09:43:52.029   735  1473 W WindowManager: 	at android.os.BinderProxy.transactNative(Native Method)
06-29 09:43:52.029   735  1473 W WindowManager: 	at android.os.BinderProxy.transact(BinderProxy.java:592)
06-29 09:43:52.029   735  1473 W WindowManager: 	at android.view.IWindow$Stub$Proxy.dispatchAppVisibility(IWindow.java:557)
06-29 09:43:52.029   735  1473 W WindowManager: 	at com.android.server.wm.WindowState.sendAppVisibilityToClients(WindowState.java:3151)
06-29 09:43:52.029   735  1473 W WindowManager: 	at com.android.server.wm.WindowContainer.sendAppVisibilityToClients(WindowContainer.java:1311)
06-29 09:43:52.029   735  1473 W WindowManager: 	at com.android.server.wm.WindowToken.setClientVisible(WindowToken.java:389)
06-29 09:43:52.029   735  1473 W WindowManager: 	at com.android.server.wm.ActivityRecord.setClientVisible(ActivityRecord.java:6650)
06-29 09:43:52.029   735  1473 W WindowManager: 	at com.android.server.wm.ActivityRecord.commitVisibility(ActivityRecord.java:5561)
06-29 09:43:52.029   735  1473 W WindowManager: 	at com.android.server.wm.Transition.finishTransition(Transition.java:1391)
06-29 09:43:52.029   735  1473 W WindowManager: 	at com.android.server.wm.TransitionController.finishTransition(TransitionController.java:1029)
06-29 09:43:52.029   735  1473 W WindowManager: 	at com.android.server.wm.WindowOrganizerController.finishTransition(WindowOrganizerController.java:496)
06-29 09:43:52.029   735  1473 W WindowManager: 	at android.window.IWindowOrganizerController$Stub.onTransact(IWindowOrganizerController.java:261)
06-29 09:43:52.029   735  1473 W WindowManager: 	at com.android.server.wm.WindowOrganizerController.onTransact(WindowOrganizerController.java:223)
06-29 09:43:52.029   735  1473 W WindowManager: 	at android.os.Binder.execTransactInternal(Binder.java:1421)
06-29 09:43:52.029   735  1473 W WindowManager: 	at android.os.Binder.execTransact(Binder.java:1365)
06-29 09:43:52.029   735  1473 W Process : Unable to open /proc/6957/status
06-29 09:43:52.043  1206  1277 V WindowManagerShell: Track 0 became idle
06-29 09:43:52.043  1206  1277 V WindowManagerShell: All active transition animations finished
06-29 09:43:52.082   598   598 E BpTransactionCompletedListener: Failed to transact (-32)
06-29 09:43:52.095  1463  1463 D RecentsView: onTaskRemoved: 9, not handling task stack changes
06-29 09:43:52.095  1463  1463 D RecentsView: onTaskRemoved: 9, not handling task stack changes
06-29 09:43:52.375   735   750 I system_server: NativeAlloc concurrent mark compact GC freed 19MB AllocSpace bytes, 115(2296KB) LOS objects, 45% free, 29MB/53MB, paused 1.833ms,1.482ms total 242.379ms
06-29 09:43:52.799  1398  1648 D SatelliteController: iisInCarrierRoamingNbIotNtn: satellite is disabled
06-29 09:43:53.094   735  1473 I WifiService: getWifiEnabledState uid=10147 state=3
06-29 09:43:53.096   735  1473 D ConnectivityService: requestNetwork for uid/pid:10147/6272 activeRequest: null callbackRequest: 217 [NetworkRequest [ REQUEST id=217, [ Transports: CELLULAR Capabilities: INTERNET&NOT_RESTRICTED&TRUSTED&NOT_VPN&NOT_VCN_MANAGED&NOT_BANDWIDTH_CONSTRAINED Uid: 10147 RequestorUid: 10147 RequestorPkg: com.google.android.googlequicksearchbox UnderlyingNetworks: Null] ]] callback flags: 0 order: 2147483647 isUidTracked: false declaredMethods: AVAIL|LOSING|LOST|NC|LP
06-29 09:43:53.099   521   556 I netd    : networkSetPermissionForNetwork(101, 0) <1.95ms>
06-29 09:43:53.100   735  1120 W IPCThreadState: Sending oneway calls to frozen process.
06-29 09:43:53.101   735  1120 W IPCThreadState: Sending oneway calls to frozen process.
06-29 09:43:53.101   735  1120 W IPCThreadState: Sending oneway calls to frozen process.
06-29 09:43:53.102   735  1120 D ConnectivityService: NetReassign [217 : null → 101] [c 0] [a 5] [i 0]
06-29 09:43:53.103   735  1120 D ConnectivityService: reportNetworkConnectivity(100, false) by 10147
06-29 09:43:53.103  1321  2019 D NetworkMonitor/100: Forcing reevaluation for UID 10147. Dns signal count: 0
06-29 09:43:53.110   521  6998 I resolv  : ResNSendHandler::run: 0 / {100 983140 100 983140 1073 1}
06-29 09:43:53.112   521  6999 I resolv  : ResNSendHandler::run: 0 / {100 983140 100 983140 1073 1}
06-29 09:43:53.113   521  7000 I resolv  : ResNSendHandler::run: 0 / {100 983140 100 983140 1073 1}
06-29 09:43:53.115   521  6998 I resolv  : res_nsend: used send_dg 75 terrno: 0
06-29 09:43:53.115   521  7001 I resolv  : ResNSendHandler::run: 0 / {100 983140 100 983140 1073 1}
06-29 09:43:53.116   521  7001 I resolv  : resolv_cache_lookup: FOUND IN CACHE entry=0x7b743fe68370
06-29 09:43:53.118   521  6999 I resolv  : res_nsend: used send_dg 256 terrno: 0
06-29 09:43:53.119   521  7000 I resolv  : res_nsend: used send_dg 63 terrno: 0
06-29 09:43:53.133  1321  6996 D NetworkMonitor/100: PROBE_DNS www.google.com 28ms OK 142.251.155.119,142.251.151.119,142.251.157.119,142.251.150.119,142.251.153.119,142.251.152.119,142.251.156.119,142.251.154.119,2001:4860:482c:7700::,2001:4860:4826:7700::,2001:4860:4828:7700::,2001:4860:482a:7700::,2001:4860:4829:7700::,2001:4860:482b:7700::,2001:4860:4827:7700::,2001:4860:482d:7700::
06-29 09:43:53.135  1321  6997 D NetworkMonitor/100: PROBE_DNS connectivitycheck.gstatic.com 30ms OK 142.250.75.163,2a00:1450:4028:804::2003
06-29 09:43:53.136   521  7002 I resolv  : GetAddrInfoHandler::run: {100 983140 100 983140 1073 1}
06-29 09:43:53.137   521  7003 I resolv  : GetAddrInfoHandler::run: {100 983140 100 983140 1073 1}
06-29 09:43:53.137   521  7004 I resolv  : res_nmkquery: (QUERY, IN, AAAA)
06-29 09:43:53.137   521  7005 I resolv  : res_nmkquery: (QUERY, IN, A)
06-29 09:43:53.137   521  7004 I resolv  : resolv_cache_lookup: FOUND IN CACHE entry=0x7b73dfe64f90
06-29 09:43:53.137   521  7004 I resolv  : doQuery: rcode=0, ancount=8, return value=256
06-29 09:43:53.137   521  7005 I resolv  : resolv_cache_lookup: FOUND IN CACHE entry=0x7b743fe68370
06-29 09:43:53.138   521  7005 I resolv  : doQuery: rcode=0, ancount=8, return value=160
06-29 09:43:53.139   521  7006 I resolv  : res_nmkquery: (QUERY, IN, AAAA)
06-29 09:43:53.139   521  7006 I resolv  : resolv_cache_lookup: FOUND IN CACHE entry=0x7b739fe5b710
06-29 09:43:53.139   521  7006 I resolv  : doQuery: rcode=0, ancount=1, return value=75
06-29 09:43:53.139   521  7007 I resolv  : res_nmkquery: (QUERY, IN, A)
06-29 09:43:53.140   521  7007 I resolv  : resolv_cache_lookup: FOUND IN CACHE entry=0x7b739fe5b550
06-29 09:43:53.140   521  7007 I resolv  : doQuery: rcode=0, ancount=1, return value=63
06-29 09:43:53.156  1321  6997 D NetworkMonitor/100: PROBE_HTTP http://connectivitycheck.gstatic.com/generate_204 time=20ms ret=204 request={Connection=[close], User-Agent=[Mozilla/5.0 (X11; Linux x86_64) AppleWebKit/537.36 (KHTML, like Gecko) Chrome/60.0.3112.32 Safari/537.36]} headers={null=[HTTP/1.1 204 No Content], Connection=[close], Content-Length=[0], Cross-Origin-Resource-Policy=[cross-origin], Date=[Mon, 29 Jun 2026 09:43:54 GMT], X-Android-Received-Millis=[1782726233155], X-Android-Response-Source=[NETWORK 204], X-Android-Selected-Protocol=[http/1.1], X-Android-Sent-Millis=[1782726233150]}
06-29 09:43:53.220  1321  6996 D NetworkMonitor/100: PROBE_HTTPS https://www.google.com/generate_204 time=84ms ret=204 request={Connection=[close], User-Agent=[Mozilla/5.0 (X11; Linux x86_64) AppleWebKit/537.36 (KHTML, like Gecko) Chrome/60.0.3112.32 Safari/537.36]} headers={null=[HTTP/1.1 204 No Content], Alt-Svc=[h3=":443"; ma=2592000,h3-29=":443"; ma=2592000], Connection=[close], Content-Length=[0], Cross-Origin-Resource-Policy=[cross-origin], Date=[Mon, 29 Jun 2026 09:43:54 GMT], X-Android-Received-Millis=[1782726233219], X-Android-Response-Source=[NETWORK 204], X-Android-Selected-Protocol=[http/1.1], X-Android-Sent-Millis=[1782726233214]}
06-29 09:43:53.221  1321  6995 D NetworkMonitor/100: isCaptivePortal: isSuccessful()=true isPortal()=false RedirectUrl=null isPartialConnectivity()=false Time=117ms
06-29 09:43:53.224   735  1120 D ConnectivityService: [100 WIFI] validation passed
06-29 09:43:54.058   735  1114 D WifiClientModeImpl[78975:wlan0]: updateLinkLayerStatsRssiSpeedFrequencyCapabilities rssi=-50 TxLinkspeed=2 freq=2447 RxLinkSpeed=2
06-29 09:43:54.058   735  1114 D WifiDataStall: tx tput in kbps: 11000
06-29 09:43:54.058   735  1114 D WifiDataStall: rx tput in kbps: 11000
06-29 09:43:54.059   735  1114 V WifiConfigManager: Updating scan detail cache freq=2447 BSSID=00:13:10:85:fe:01 RSSI=-50 for "AndroidWifi"NONE
06-29 09:43:54.059   735  1114 D WifiThroughputPredictor:  utilization (LLS) 80 isBluetoothConnected: false final utilization: 80
06-29 09:43:54.059   735  1114 D WifiThroughputPredictor:  BW: 0 RSSI: -50 Nss: 1 Mode: 1 symDur: 4000 snrDb 30 bitPerTone: 4500 rate: 54 throughput: 11
06-29 09:43:54.060   735  1114 D WifiThroughputPredictor:  utilization (LLS) 80 isBluetoothConnected: false final utilization: 80
06-29 09:43:54.060   735  1114 D WifiThroughputPredictor:  BW: 0 RSSI: -50 Nss: 1 Mode: 1 symDur: 4000 snrDb 30 bitPerTone: 4500 rate: 54 throughput: 11
06-29 09:43:54.060   735  1114 D WifiThroughputPredictor:  utilization (LLS) 80 isBluetoothConnected: false final utilization: 80
06-29 09:43:54.061   735  1114 D WifiThroughputPredictor:  BW: 0 RSSI: -50 Nss: 1 Mode: 1 symDur: 4000 snrDb 30 bitPerTone: 4500 rate: 54 throughput: 11
