06-29 09:45:37.016  4276  7072 I BugleRcsEngine: RequestWithImsiState: event HTTP Response [9bded0dc-02b0-44c4-bad6-e88ed5fd288a] [CONTEXT log_prefix="(PEv2-SM239944627-DefaultCallSmsData-1-0cd)" thread_id=161 ]
06-29 09:45:37.017  4276  7072 I BugleRcsEngine: InProgressState: event HTTP Response [9bded0dc-02b0-44c4-bad6-e88ed5fd288a] [CONTEXT log_prefix="(PEv2-SM239944627-DefaultCallSmsData-1-0cd)" thread_id=161 ]
06-29 09:45:37.017  4276  7072 W BugleRcsEngine: Unable to send diagnostic log [CONTEXT thread_id=161 ]
06-29 09:45:37.018  4276  7061 I StateMachineV2: Pretend sent message 1005 to dkiu@feef91f
06-29 09:45:37.019  4276  7072 I BugleRcsEngine: RequestWithImsiState: event HTTP 400 (Bad request) [9bded0dc-02b0-44c4-bad6-e88ed5fd288a] [CONTEXT log_prefix="(PEv2-SM239944627-DefaultCallSmsData-1-0cd)" thread_id=161 ]
06-29 09:45:37.021  4276  7072 I BugleRcsEngine: InProgressState: event HTTP 400 (Bad request) [9bded0dc-02b0-44c4-bad6-e88ed5fd288a] [CONTEXT log_prefix="(PEv2-SM239944627-DefaultCallSmsData-1-0cd)" thread_id=161 ]
06-29 09:45:37.022  4276  7072 W BugleRcsEngine: Unable to send diagnostic log [CONTEXT thread_id=161 ]
06-29 09:45:37.024  4276  7072 W StateMachineV2: Current state 19 and its parents requested to transition to more than 1 state. Requests: [(1, 14), (14, 14), (14, 3), (14, 3), (3, 19), (19, 19), (19, 5)]
06-29 09:45:37.024  4276  7061 I StateMachineV2: State transition requested, from 19 to 5
06-29 09:45:37.026  4276  7061 I StateMachineV2: Pretend exiting dkiu@feef91f
06-29 09:45:37.027  4276  7061 I StateMachineV2: Pretend exiting dkio@eb95ed4
06-29 09:45:37.027  4276  7061 I StateMachineV2: Pretend entering dkiz@bca287d
06-29 09:45:37.027  4276  7072 I BugleRcsEngine: transitionTo: destState=RetryState [9bded0dc-02b0-44c4-bad6-e88ed5fd288a] [CONTEXT log_prefix="(PEv2-SM239944627-DefaultCallSmsData-1-0cd)" thread_id=161 ]
06-29 09:45:37.028  4276  7072 I BugleRcsEngine: onTransitionRequested RequestWithImsiState [9bded0dc-02b0-44c4-bad6-e88ed5fd288a] [CONTEXT log_prefix="(PEv2-SM239944627-DefaultCallSmsData-1-0cd)" thread_id=161 ]
06-29 09:45:37.029  4276  7072 I BugleRcsEngine: Exit RequestWithImsiState [9bded0dc-02b0-44c4-bad6-e88ed5fd288a] [CONTEXT log_prefix="(PEv2-SM239944627-DefaultCallSmsData-1-0cd)" thread_id=161 ]
06-29 09:45:37.029  4276  7072 W BugleRcsEngine: Unable to send diagnostic log [CONTEXT thread_id=161 ]
06-29 09:45:37.030  4276  7072 I BugleRcsEngine: Exit InProgressState [9bded0dc-02b0-44c4-bad6-e88ed5fd288a] [CONTEXT log_prefix="(PEv2-SM239944627-DefaultCallSmsData-1-0cd)" thread_id=161 ]
06-29 09:45:37.030  4276  7072 W BugleRcsEngine: Unable to send diagnostic log [CONTEXT thread_id=161 ]
06-29 09:45:37.030  4276  7072 I BugleRcsEngine: Enter RetryState [9bded0dc-02b0-44c4-bad6-e88ed5fd288a] [CONTEXT log_prefix="(PEv2-SM239944627-DefaultCallSmsData-1-0cd)" thread_id=161 ]
06-29 09:45:37.032  4276  7061 W BugleRcsEngine: Unable to send diagnostic log [CONTEXT thread_id=150 ]
06-29 09:45:37.041  4276  7072 W BugleRcsEngine: Unable to send diagnostic log [CONTEXT thread_id=161 ]
06-29 09:45:37.041  4276  7072 I StateMachineV2: Queuing delayed 9 for PT5M
06-29 09:45:37.045  4276  7072 I BugleRcsEngine: nextRetry = 0 [9bded0dc-02b0-44c4-bad6-e88ed5fd288a] [CONTEXT log_prefix="(PEv2-SM239944627-DefaultCallSmsData-1-0cd)" thread_id=161 ]
06-29 09:45:37.045  4276  7072 I BugleRcsEngine: scheduleRetry, currentRetry = 0, retryMillis = 1920000 [9bded0dc-02b0-44c4-bad6-e88ed5fd288a] [CONTEXT log_prefix="(PEv2-SM239944627-DefaultCallSmsData-1-0cd)" thread_id=161 ]
06-29 09:45:37.077  4276  7072 I BugleRcsEngine: [SR]: Single Registration is disabled. Skipping Single Registration capability check for subId: 1, OS.isAtLeastS:[true], enableSingleRegistrationProvisioning:[false] [CONTEXT thread_id=161 ]
06-29 09:45:37.078  4276  7072 I BugleRcsEngine: No RCS Configuration was found in Bugle for simID: redacted-pii:sim_id[chars:20,last3:897] [CONTEXT log_prefix="ProvisioningEngineDataRetriever" thread_id=161 ]
06-29 09:45:37.078  4276  7072 I BugleRcsProvisioning: RcsAvailability configuration availability and enabled status: simId: redacted-pii:sim_id[chars:20,last3:897], SipConnectionType: DUAL_REG, isConfigurationAvailableAndEnabled: false
06-29 09:45:37.079  4276  7072 I BugleRcsProvisioning: Checking isConfigServerUrlAvailable with simId: redacted-pii:sim_id[chars:20,last3:897], 
06-29 09:45:37.079  4276  7072 I BugleRcsEngine: getConfigServerUrl with simId: redacted-pii:sim_id[chars:20,last3:897] [CONTEXT log_prefix="ProvisioningServerUtil" thread_id=161 ]
06-29 09:45:37.080  4276  7072 I BugleRcsEngine: Using config server URL from chgq [CONTEXT log_prefix="ProvisioningServerUtil" thread_id=161 ]
06-29 09:45:37.085  4276  7072 I BugleRcsProvisioning: RcsAvailability: Subscription Id: 1, simId: redacted-pii:sim_id[chars:20,last3:897], sipConnectionType: DUAL_REG, isRcsAvailable: false
06-29 09:45:37.086  4276  7072 I BugleRcsEngine: No RCS Configuration was found in Bugle for simID: redacted-pii:sim_id[chars:20,last3:897] [CONTEXT log_prefix="ProvisioningEngineDataRetriever" thread_id=161 ]
06-29 09:45:37.087  4276  7072 I BugleRcsProvisioning: updateAvailabilityForRcsProvisioningId. SimId: redacted-pii:sim_id[chars:20,last3:897], currentAvailability: 10, newAvailability: 10, hint: NO_HINT
06-29 09:45:37.092  4276  7061 I BugleRcsProvisioning: RcsProvisioningTrigger: onRcsAvailabilityUpdate : availability is updated to Carrier RCS is not set up, lastAvailabilityLocal is Carrier RCS is not set up, simId hash = -3217130534116656675, simId = redacted-pii:sim_id[chars:20,last3:897], isPev3Enabled = true
06-29 09:45:37.100  4276  7072 I BugleRcsWorker: [seqId=5][workId=b572b3c1-4b6f-4e35-832d-f534987c7366] Received a provisioning state changed event from the provisioning engine RETRY
06-29 09:45:37.103  4276  7072 I BugleRcsWorker: [seqId=5][workId=b572b3c1-4b6f-4e35-832d-f534987c7366] Provisioning Engine entered RetryState, provisioning task will be rescheduled with exponential backoff
06-29 09:45:37.106  4276  7072 I BugleRcsWorker: [seqId=5][workId=b572b3c1-4b6f-4e35-832d-f534987c7366] finish provisioning task with result Success {mOutputData=Data {}}
06-29 09:45:37.106  4276  7072 I BugleRcsWorker: [seqId=5][workId=b572b3c1-4b6f-4e35-832d-f534987c7366] RCS provisioning task has finished with result Success {mOutputData=Data {}}
06-29 09:45:37.117  4276  7072 I BugleClearcutLogger: qosTierResolver for LOG_SPEC_LEGACY_LOGGING is null. Using DEFAULT QoS tier as there's no specific QoS configuration for this log spec.
06-29 09:45:37.119  4276  7068 I BugleRcsEngine: quit [null] [CONTEXT log_prefix="(PEv2-SM239944627-DefaultCallSmsData-1-0cd)" thread_id=157 ]
06-29 09:45:37.119  4276  7071 W BugleRcsEngine: Unable to send diagnostic log [CONTEXT thread_id=160 ]
06-29 09:45:37.120  4276  7071 W BugleRcsEngine: Unable to send diagnostic log [CONTEXT thread_id=160 ]
06-29 09:45:37.128  4276  7061 I WM-WorkerWrapper: Worker result SUCCESS for Work [ id=b315a184-3288-4dfc-9802-da9e2d96edd8, tags={ com.google.android.apps.messaging.shared.rcsprovisioning.RcsProvisioningListenableWorker,provisioning } ]
06-29 09:45:37.131  7048  7048 I Choreographer: Skipped 39 frames!  The application may be doing too much work on its main thread.
06-29 09:45:37.135  4276  7072 I BugleRcsEngine: transitionTo: destState=djko [null] [CONTEXT log_prefix="(PEv2-SM239944627-DefaultCallSmsData-1-0cd)" thread_id=161 ]
06-29 09:45:37.140   735   760 I ActivityTaskManager: Displayed com.dabber/.MainActivity for user 0: +2s130ms
06-29 09:45:37.150  4276  4276 D WM-Processor: pst b315a184-3288-4dfc-9802-da9e2d96edd8 executed; reschedule = false
06-29 09:45:37.150  4276  4276 D WM-GreedyScheduler: Stopping tracking for WorkGenerationalId(workSpecId=b315a184-3288-4dfc-9802-da9e2d96edd8, generation=0)
06-29 09:45:37.151  4276  7072 I BugleRcsEngine: Exit RetryState [null] [CONTEXT log_prefix="(PEv2-SM239944627-DefaultCallSmsData-1-0cd)" thread_id=161 ]
06-29 09:45:37.151  4276  4276 D WM-SystemJobService: b315a184-3288-4dfc-9802-da9e2d96edd8 executed on JobScheduler
06-29 09:45:37.187  1206  1277 W Looper  : Slow dispatch took 50ms wmshell.main app=com.android.systemui main=false group=TOP_APP h=android.os.Handler c=android.window.TaskOrganizer$1$$ExternalSyntheticLambda3@f87e05d m=0
06-29 09:45:37.197  4276  4370 I Bugle   : Scheduling custom retry
06-29 09:45:37.206  4276  7072 W BugleRcsEngine: Unable to send diagnostic log [CONTEXT thread_id=161 ]
06-29 09:45:37.207  4276  7072 W BugleRcsEngine: onQuitting [null] [CONTEXT log_prefix="(PEv2-SM239944627-DefaultCallSmsData-1-0cd)" thread_id=161 ]
06-29 09:45:37.208  4276  6905 D WM-GreedyScheduler: Cancelling work ID b315a184-3288-4dfc-9802-da9e2d96edd8
06-29 09:45:37.209  4276  7061 I BugleRcsEngine: [SR]: Single Registration is disabled. Skipping Single Registration capability check for subId: 1, OS.isAtLeastS:[true], enableSingleRegistrationProvisioning:[false] [CONTEXT thread_id=150 ]
06-29 09:45:37.212  4276  6905 D WM-GreedyScheduler: Ignoring {WorkSpec: c4f889f2-00f6-427a-afb9-1ff58fafbaee}. Requires device idle.
06-29 09:45:37.212  4276  6905 D WM-GreedyScheduler: Ignoring {WorkSpec: 214dfc37-b72a-4b18-a7c7-3d6d84cc2b5d}. Requires device idle.
06-29 09:45:37.212  4276  7061 I BugleRcsEngine: No RCS Configuration was found in Bugle for simID: redacted-pii:sim_id[chars:20,last3:897] [CONTEXT log_prefix="ProvisioningEngineDataRetriever" thread_id=150 ]
06-29 09:45:37.214  4276  4364 I ForwardSyncCache: reclaimMemory: Clearing caches
06-29 09:45:37.215  4276  4364 W BugleSpam: trimming memory: closing msg model.
06-29 09:45:37.216  4276  4364 W Bugle   : TextClassifierLibManagerImpl: Reclaiming memory at level: 40
06-29 09:45:37.217  4276  7061 I BugleRcsEngine: Scheduled provisioning task with 480 seconds delay, APPEND policy, trigger is STATE_MACHINE_RETRY, workerId is 6fefbd01-07ea-440c-ac75-c106b6c0e2a5, simId is redacted-pii:sim_id[chars:20,last3:897] [CONTEXT log_prefix="provisioning" thread_id=150 ]
06-29 09:45:37.218  4276  7071 D WM-NetworkStateTracker: Unregistering network callback
06-29 09:45:37.230  3122  3183 I FontLog : Received query Noto Color Emoji Compat, URI content://com.google.android.gms.fonts [CONTEXT service_id=132 ]
06-29 09:45:37.230  3122  3183 I FontLog : Query [emojicompat-emoji-font] resolved to {Noto Color Emoji Compat, wdth 100.0, wght 400, ital 0.0, bestEffort false}, isVf false} [CONTEXT service_id=132 ]
06-29 09:45:37.238  4276  7072 I BugleRcsEngine: [SR]: Single Registration is disabled. Skipping Single Registration capability check for subId: 1, OS.isAtLeastS:[true], enableSingleRegistrationProvisioning:[false] [CONTEXT thread_id=161 ]
06-29 09:45:37.238  3122  3183 I FontLog : Fetch {Noto Color Emoji Compat, wdth 100.0, wght 400, ital 0.0, bestEffort false}, isVf false} end status Status{statusCode=SUCCESS, resolution=null} [CONTEXT service_id=132 ]
06-29 09:45:37.239  4276  7072 I BugleRcsEngine: No RCS Configuration was found in Bugle for simID: redacted-pii:sim_id[chars:20,last3:897] [CONTEXT log_prefix="ProvisioningEngineDataRetriever" thread_id=161 ]
06-29 09:45:37.247  4276  7072 I BugleRcsProvisioning: RcsAvailability configuration availability and enabled status: simId: redacted-pii:sim_id[chars:20,last3:897], SipConnectionType: DUAL_REG, isConfigurationAvailableAndEnabled: false
06-29 09:45:37.250  4276  7072 I BugleRcsProvisioning: Checking isConfigServerUrlAvailable with simId: redacted-pii:sim_id[chars:20,last3:897], 
06-29 09:45:37.251  4276  7071 D WM-SystemJobScheduler: Scheduling work ID 339700d7-ecb8-43d6-8658-e168f777c075Job ID 1024
06-29 09:45:37.257  3122  3183 I FontLog : Pulling font file for id = 15, cache size = 5 [CONTEXT service_id=132 ]
06-29 09:45:37.257  4276  7072 I BugleRcsEngine: getConfigServerUrl with simId: redacted-pii:sim_id[chars:20,last3:897] [CONTEXT log_prefix="ProvisioningServerUtil" thread_id=161 ]
06-29 09:45:37.258  4276  7072 I BugleRcsEngine: Using config server URL from chgq [CONTEXT log_prefix="ProvisioningServerUtil" thread_id=161 ]
06-29 09:45:37.270   521   556 I netd    : tetherGetStats() -> {[]} <0.65ms>
06-29 09:45:37.270  7048  7058 I HWUI    : Davey! duration=729ms; Flags=1, FrameTimelineVsyncId=14774, IntendedVsync=760168334672, Vsync=760218334670, InputEventId=0, HandleInputStart=760230425700, AnimationStart=760230488900, PerformTraversalsStart=760230643300, DrawStart=760321664700, FrameDeadline=760185001338, FrameStartTime=760225987900, FrameInterval=16666666, WorkloadTarget=16666666, SyncQueued=760351344300, SyncStart=760351925700, IssueDrawCommandsStart=760352215100, SwapBuffers=760739893800, FrameCompleted=760898049300, DequeueBufferDuration=48500, QueueBufferDuration=460700, GpuCompleted=760895373900, SwapBuffersCompleted=760898049300, DisplayPresentTime=0, CommandSubmissionCompleted=760739893800, 
06-29 09:45:37.280  3122  3183 I FontLog : Pulling font file for id = 15, cache size = 5 [CONTEXT service_id=132 ]
06-29 09:45:37.282  4276  7071 D WM-GreedyScheduler: Ignoring {WorkSpec: c4f889f2-00f6-427a-afb9-1ff58fafbaee}. Requires device idle.
06-29 09:45:37.282  4276  7071 D WM-GreedyScheduler: Ignoring {WorkSpec: 214dfc37-b72a-4b18-a7c7-3d6d84cc2b5d}. Requires device idle.
06-29 09:45:37.287  4276  7072 I BugleRcsProvisioning: RcsAvailability: Subscription Id: 1, simId: redacted-pii:sim_id[chars:20,last3:897], sipConnectionType: DUAL_REG, isRcsAvailable: false
06-29 09:45:37.293  4276  7072 I BugleRcsEngine: No RCS Configuration was found in Bugle for simID: redacted-pii:sim_id[chars:20,last3:897] [CONTEXT log_prefix="ProvisioningEngineDataRetriever" thread_id=161 ]
06-29 09:45:37.305  4276  7072 I BugleRcsProvisioning: updateAvailabilityForRcsProvisioningId. SimId: redacted-pii:sim_id[chars:20,last3:897], currentAvailability: 10, newAvailability: 10, hint: NO_HINT
06-29 09:45:37.306  4276  7071 I BugleRcsProvisioning: RcsProvisioningTrigger: onRcsAvailabilityUpdate : availability is updated to Carrier RCS is not set up, lastAvailabilityLocal is Carrier RCS is not set up, simId hash = -3217130534116656675, simId = redacted-pii:sim_id[chars:20,last3:897], isPev3Enabled = true
06-29 09:45:37.321   735   867 I ImeTracker: com.dabber:91b265: onRequestHide at ORIGIN_SERVER reason HIDE_UNSPECIFIED_WINDOW fromUser false
06-29 09:45:37.332  7048  7048 D InsetsController: hide(ime(), fromIme=false)
06-29 09:45:37.336  7048  7048 I ImeTracker: com.dabber:91b265: onCancelled at PHASE_CLIENT_ALREADY_HIDDEN
06-29 09:45:37.362  1668  1668 I GoogleInputMethodService: GoogleInputMethodService.onFinishInput():2043 
06-29 09:45:37.363  1668  1668 I Module  : DeviceLockedStatusModuleProvider$Module.updateDeviceLockedStatus():100 repeatCheckTimes = 0, locked = false
06-29 09:45:37.367  1668  1668 I GoogleInputMethodService: GoogleInputMethodService.onStartInput():1293 onStartInput(EditorInfo{EditorInfo{packageName=com.dabber, inputType=0, inputTypeString=NULL, enableLearning=false, autoCorrection=false, autoComplete=false, imeOptions=0, privateImeOptions=null, actionName=UNSPECIFIED, actionLabel=null, initialSelStart=-1, initialSelEnd=-1, initialCapsMode=0, label=null, fieldId=0, fieldName=null, extras=null, hintText=null, hintLocales=[]}}, false)
06-29 09:45:37.368   735  1473 I ImeTracker: system_server:b6f1c52f: onRequestHide at ORIGIN_SERVER reason IME_REQUESTED_CHANGED_LISTENER fromUser false
06-29 09:45:37.369  1668  1668 I EmojiCompatManager: EmojiCompatManager.getEmojiCompatIfLoaded():343 EmojiCompat.init() was never called.
06-29 09:45:37.369  1668  1668 I EmojiCompatManager: java.lang.IllegalStateException: EmojiCompat is not initialized. Please call EmojiCompat.init() first
06-29 09:45:37.369  1668  1668 I EmojiCompatManager: 	at asx.p(PG:6)
06-29 09:45:37.369  1668  1668 I EmojiCompatManager: 	at axb.b(PG:13)
06-29 09:45:37.369  1668  1668 I EmojiCompatManager: 	at jnr.b(PG:2)
06-29 09:45:37.369  1668  1668 I EmojiCompatManager: 	at jnr.c(PG:4)
06-29 09:45:37.369  1668  1668 I EmojiCompatManager: 	at jnr.f(PG:3)
06-29 09:45:37.369  1668  1668 I EmojiCompatManager: 	at jnx.c(PG:3)
06-29 09:45:37.369  1668  1668 I EmojiCompatManager: 	at kif.cz(PG:47)
06-29 09:45:37.369  1668  1668 I EmojiCompatManager: 	at lhl.run(PG:1025)
06-29 09:45:37.369  1668  1668 I EmojiCompatManager: 	at jaf.execute(PG:12)
06-29 09:45:37.369  1668  1668 I EmojiCompatManager: 	at nco.v(PG:13)
06-29 09:45:37.369  1668  1668 I EmojiCompatManager: 	at lhn.m(PG:96)
06-29 09:45:37.369  1668  1668 I EmojiCompatManager: 	at lhn.k(PG:25)
06-29 09:45:37.369  1668  1668 I EmojiCompatManager: 	at kgn.onStartInput(PG:250)
06-29 09:45:37.369  1668  1668 I EmojiCompatManager: 	at android.inputmethodservice.InputMethodService.doStartInput(InputMethodService.java:3521)
06-29 09:45:37.369  1668  1668 I EmojiCompatManager: 	at android.inputmethodservice.InputMethodService$InputMethodImpl.startInput(InputMethodService.java:879)
06-29 09:45:37.369  1668  1668 I EmojiCompatManager: 	at android.inputmethodservice.InputMethodService$InputMethodImpl.dispatchStartInput(InputMethodService.java:908)
06-29 09:45:37.369  1668  1668 I EmojiCompatManager: 	at android.inputmethodservice.IInputMethodWrapper.executeMessage(IInputMethodWrapper.java:201)
06-29 09:45:37.369  1668  1668 I EmojiCompatManager: 	at com.android.internal.os.HandlerCaller$MyHandler.handleMessage(HandlerCaller.java:44)
06-29 09:45:37.369  1668  1668 I EmojiCompatManager: 	at android.os.Handler.dispatchMessage(Handler.java:110)
06-29 09:45:37.369  1668  1668 I EmojiCompatManager: 	at android.os.Looper.loopOnce(Looper.java:248)
06-29 09:45:37.369  1668  1668 I EmojiCompatManager: 	at android.os.Looper.loop(Looper.java:338)
06-29 09:45:37.369  1668  1668 I EmojiCompatManager: 	at android.app.ActivityThread.main(ActivityThread.java:9067)
06-29 09:45:37.369  1668  1668 I EmojiCompatManager: 	at java.lang.reflect.Method.invoke(Native Method)
06-29 09:45:37.369  1668  1668 I EmojiCompatManager: 	at com.android.internal.os.RuntimeInit$MethodAndArgsCaller.run(RuntimeInit.java:593)
06-29 09:45:37.369  1668  1668 I EmojiCompatManager: 	at com.android.internal.os.ZygoteInit.main(ZygoteInit.java:932)
06-29 09:45:37.382  1668  1668 I Module  : DeviceLockedStatusModuleProvider$Module.updateDeviceLockedStatus():100 repeatCheckTimes = 1, locked = false
06-29 09:45:37.382   735   764 I ImeTracker: system_server:b6f1c52f: onCancelled at PHASE_SERVER_SHOULD_HIDE
06-29 09:45:37.384   735  1193 W PackageConfigPersister: App-specific configuration not found for packageName: com.dabber and userId: 0
06-29 09:45:37.545  1463  1463 D BaseDepthController: setSurface:
06-29 09:45:37.545  1463  1463 D BaseDepthController: 	mWaitingOnSurfaceValidity: false
06-29 09:45:37.545  1463  1463 D BaseDepthController: 	mBaseSurface: null
06-29 09:45:37.546  1463  1463 D BaseDepthController: mSurface is null and mCurrentBlur is: 0
06-29 09:45:37.547  1463  1463 D StateManager: goToState - fromState: Normal, toState: Normal, partial trace:
06-29 09:45:37.547  1463  1463 D StateManager: 	at com.android.launcher3.statemanager.StateManager.moveToRestState(go/retraceme 5a544d9e8fb14194a69e2b7a778e7e5394990cdcfcf28c73553bb75ca978b9e9:4)
06-29 09:45:37.547  1463  1463 D StateManager: 	at com.android.launcher3.statemanager.StateManager.moveToRestState(go/retraceme 5a544d9e8fb14194a69e2b7a778e7e5394990cdcfcf28c73553bb75ca978b9e9:1)
06-29 09:45:37.547  1463  1463 D StateManager: 	at com.android.launcher3.statemanager.StatefulActivity.onStop(go/retraceme 5a544d9e8fb14194a69e2b7a778e7e5394990cdcfcf28c73553bb75ca978b9e9:34)
06-29 09:45:37.547  1463  1463 D StatsLog: LAUNCHER_ONSTOP
06-29 09:45:37.559  1463  1463 D StatsLog: LAUNCHER_GOOGLE_SEARCH_RESTORE_LIST_SIZE_AFTER_ACTIVITY_RESTART
06-29 09:45:37.570   735  2078 I AppWidgetServiceImpl: setAppWidgetHidden() 0
06-29 09:45:37.613   735  1166 D BackgroundInstallControlService: Package event received: 0
06-29 09:45:37.689  1206  1332 W WindowOnBackDispatcher: sendCancelIfRunning: isInProgress=false callback=android.view.ViewRootImpl$$ExternalSyntheticLambda13@a0df73b
06-29 09:45:37.689   735  2078 D CoreBackPreview: Window{ac0fad4 u0 Splash Screen com.dabber EXITING}: Setting back callback null
06-29 09:45:39.041   735  3154 E TaskPersister: File error accessing recents directory (directory doesn't exist?).
06-29 09:45:39.160  7048  7082 I DabberWhisper: whisper model loaded
06-29 09:45:39.161  7048  7082 I DabberTest: model loaded=true path=/storage/emulated/0/Android/data/com.dabber/files/models/dabber-he.bin exists=true
06-29 09:45:39.162  7048  7083 W com.dabber: Long monitor contention with owner Thread-2 (7082) at boolean com.dabber.core.DictationCore.loadModel(java.lang.String)(DictationCore.kt:32) waiters=0 in boolean com.dabber.core.DictationCore.loadModel(java.lang.String) for 2.780s
06-29 09:45:39.170  7048  7048 I com.dabber: Waiting for a blocking GC NativeAlloc
06-29 09:45:39.215  7048  7048 I com.dabber: WaitForGcToComplete blocked NativeAlloc on NativeAlloc for 44.692ms
06-29 09:45:39.291  7048  7082 I DabberTest: wav samples=119040
06-29 09:45:39.402  7048  7053 I com.dabber: Compiler allocated 5042KB to compile void android.view.ViewRootImpl.performTraversals()
06-29 09:45:39.550   735  1114 D WifiClientModeImpl[78975:wlan0]: updateLinkLayerStatsRssiSpeedFrequencyCapabilities rssi=-50 TxLinkspeed=1 freq=2447 RxLinkSpeed=2
06-29 09:45:39.551   735  1114 D WifiDataStall: tx tput in kbps: 11000
06-29 09:45:39.551   735  1114 D WifiDataStall: rx tput in kbps: 11000
06-29 09:45:39.551   735  1114 V WifiConfigManager: Updating scan detail cache freq=2447 BSSID=00:13:10:85:fe:01 RSSI=-50 for "AndroidWifi"NONE
06-29 09:45:39.552   735  1114 D WifiThroughputPredictor:  utilization (LLS) 80 isBluetoothConnected: false final utilization: 80
06-29 09:45:39.552   735  1114 D WifiThroughputPredictor:  BW: 0 RSSI: -50 Nss: 1 Mode: 1 symDur: 4000 snrDb 30 bitPerTone: 4500 rate: 54 throughput: 11
06-29 09:45:39.552   735  1114 D WifiThroughputPredictor:  utilization (LLS) 80 isBluetoothConnected: false final utilization: 80
06-29 09:45:39.553   735  1114 D WifiThroughputPredictor:  BW: 0 RSSI: -50 Nss: 1 Mode: 1 symDur: 4000 snrDb 30 bitPerTone: 4500 rate: 54 throughput: 11
06-29 09:45:39.554   735  1114 D WifiThroughputPredictor:  utilization (LLS) 80 isBluetoothConnected: false final utilization: 80
06-29 09:45:39.554   735  1114 D WifiThroughputPredictor:  BW: 0 RSSI: -50 Nss: 1 Mode: 1 symDur: 4000 snrDb 30 bitPerTone: 4500 rate: 54 throughput: 11
06-29 09:45:39.555   735  1114 D WifiThroughputPredictor:  utilization (LLS) 80 isBluetoothConnected: false final utilization: 80
06-29 09:45:39.555   735  1114 D WifiThroughputPredictor:  BW: 0 RSSI: -50 Nss: 1 Mode: 1 symDur: 4000 snrDb 30 bitPerTone: 4500 rate: 54 throughput: 11
06-29 09:45:39.556   735  1114 D WifiScoreCard: BSSID update SIGNAL_POLL ID: 2076487524 SSID: "AndroidWifi", BSSID: 00:13:10:85:fe:01, MAC: 02:15:b2:00:00:00, IP: /10.0.2.16, Security type: 0, Supplicant state: COMPLETED, Wi-Fi standard: legacy, RSSI: -50, Link speed: 1Mbps, Tx Link speed: 1Mbps, Max Supported Tx Link speed: 11Mbps, Rx Link speed: 2Mbps, Max Supported Rx Link speed: 11Mbps, Frequency: 2447MHz, Net ID: 0, Metered hint: false, score: 60, isUsable: true, CarrierMerged: false, SubscriptionId: -1, IsPrimary: 1, Trusted: true, Restricted: false, Ephemeral: false, OEM paid: false, OEM private: false, OSU AP: false, FQDN: <none>, Provider friendly name: <none>, Requesting package name: <none>"AndroidWifi"openMLO Information: , Is TID-To-Link negotiation supported by the AP: false, AP MLD Address: <none>, AP MLO Link Id: <none>, AP MLO Affiliated links: <none>, Vendor Data: <none>
06-29 09:45:39.556   735  1114 D WifiScoreCard: txRate: 2 txSpeed: 1
06-29 09:45:39.557   735  1114 D WifiScoreCard: network update SIGNAL_POLL "AndroidWifi" ID: 443710621 RSSI -50 txSpeed -1
06-29 09:45:39.557   735  1114 D WifiClientModeImpl[78975:wlan0]:  ClientModeImpl$L2ConnectedState screen=on 1 0 "AndroidWifi" 00:13:10:85:fe:01 rssi=-50 f=2447 sc=60 link=1 tx=1.7, 0.0, 0.0 rx=1.5 bcn=0 [on:0 tx:0 rx:0 period:3008] from screen [on:0 period:314911717] score=60
06-29 09:45:40.954   735   847 D ActivityManager: freezing 1784 com.google.android.gms
06-29 09:45:40.958   735   847 D ActivityManager: freezing 4829 com.google.android.adservices.api
06-29 09:45:40.960   735   847 D ActivityManager: freezing 2719 com.google.android.gms.ui
06-29 09:45:41.042   735  1166 D BackgroundInstallControlService: Package event received: 0
06-29 09:45:41.293   735  1120 D InetDiagMessage: Destroyed 0 sockets, proto=IPPROTO_TCP, family=AF_INET, states=14
06-29 09:45:41.294   735  1120 D InetDiagMessage: Destroyed 0 sockets, proto=IPPROTO_TCP, family=AF_INET6, states=14
06-29 09:45:41.295   735  1120 D InetDiagMessage: Destroyed live tcp sockets for uids={10201} in 4ms
06-29 09:45:41.505  7048  7104 D ProfileInstaller: Installing profile for com.dabber
06-29 09:45:42.558   735  1114 D WifiClientModeImpl[78975:wlan0]: updateLinkLayerStatsRssiSpeedFrequencyCapabilities rssi=-50 TxLinkspeed=1 freq=2447 RxLinkSpeed=2
06-29 09:45:42.559   735  1114 D WifiDataStall: tx tput in kbps: 11000
06-29 09:45:42.559   735  1114 D WifiDataStall: rx tput in kbps: 11000
06-29 09:45:42.559   735  1114 V WifiConfigManager: Updating scan detail cache freq=2447 BSSID=00:13:10:85:fe:01 RSSI=-50 for "AndroidWifi"NONE
06-29 09:45:42.560   735  1114 D WifiThroughputPredictor:  utilization (LLS) 80 isBluetoothConnected: false final utilization: 80
06-29 09:45:42.560   735  1114 D WifiThroughputPredictor:  BW: 0 RSSI: -50 Nss: 1 Mode: 1 symDur: 4000 snrDb 30 bitPerTone: 4500 rate: 54 throughput: 11
06-29 09:45:42.560   735  1114 D WifiThroughputPredictor:  utilization (LLS) 80 isBluetoothConnected: false final utilization: 80
06-29 09:45:42.560   735  1114 D WifiThroughputPredictor:  BW: 0 RSSI: -50 Nss: 1 Mode: 1 symDur: 4000 snrDb 30 bitPerTone: 4500 rate: 54 throughput: 11
06-29 09:45:42.560   735  1114 D WifiThroughputPredictor:  utilization (LLS) 80 isBluetoothConnected: false final utilization: 80
06-29 09:45:42.561   735  1114 D WifiThroughputPredictor:  BW: 0 RSSI: -50 Nss: 1 Mode: 1 symDur: 4000 snrDb 30 bitPerTone: 4500 rate: 54 throughput: 11
06-29 09:45:42.561   735  1114 D WifiThroughputPredictor:  utilization (LLS) 80 isBluetoothConnected: false final utilization: 80
06-29 09:45:42.561   735  1114 D WifiThroughputPredictor:  BW: 0 RSSI: -50 Nss: 1 Mode: 1 symDur: 4000 snrDb 30 bitPerTone: 4500 rate: 54 throughput: 11
06-29 09:45:42.563   735  1114 D WifiScoreCard: BSSID update SIGNAL_POLL ID: 2076487524 SSID: "AndroidWifi", BSSID: 00:13:10:85:fe:01, MAC: 02:15:b2:00:00:00, IP: /10.0.2.16, Security type: 0, Supplicant state: COMPLETED, Wi-Fi standard: legacy, RSSI: -50, Link speed: 1Mbps, Tx Link speed: 1Mbps, Max Supported Tx Link speed: 11Mbps, Rx Link speed: 2Mbps, Max Supported Rx Link speed: 11Mbps, Frequency: 2447MHz, Net ID: 0, Metered hint: false, score: 60, isUsable: true, CarrierMerged: false, SubscriptionId: -1, IsPrimary: 1, Trusted: true, Restricted: false, Ephemeral: false, OEM paid: false, OEM private: false, OSU AP: false, FQDN: <none>, Provider friendly name: <none>, Requesting package name: <none>"AndroidWifi"openMLO Information: , Is TID-To-Link negotiation supported by the AP: false, AP MLD Address: <none>, AP MLO Link Id: <none>, AP MLO Affiliated links: <none>, Vendor Data: <none>
06-29 09:45:42.563   735  1114 D WifiScoreCard: txRate: 1 txSpeed: 1
06-29 09:45:42.563   735  1114 D WifiScoreCard: network update SIGNAL_POLL "AndroidWifi" ID: 443710621 RSSI -50 txSpeed -1
06-29 09:45:42.564   735  1114 D WifiClientModeImpl[78975:wlan0]:  ClientModeImpl$L2ConnectedState screen=on 1 0 "AndroidWifi" 00:13:10:85:fe:01 rssi=-50 f=2447 sc=60 link=1 tx=0.6, 0.0, 0.0 rx=0.5 bcn=0 [on:0 tx:0 rx:0 period:3004] from screen [on:0 period:314914724] score=60
06-29 09:45:42.897  1398  1648 D SatelliteController: iisInCarrierRoamingNbIotNtn: satellite is disabled
06-29 09:45:43.398   521   556 I netd    : tetherGetStats() -> {[]} <0.61ms>
06-29 09:45:43.867     0     0 W healthd : battery l=100 v=5000 t=25.0 h=2 st=2 c=900000 fc=3000000 cc=10 chg=a
06-29 09:45:45.567   735  1114 D WifiClientModeImpl[78975:wlan0]: updateLinkLayerStatsRssiSpeedFrequencyCapabilities rssi=-50 TxLinkspeed=1 freq=2447 RxLinkSpeed=2
06-29 09:45:45.567   735  1114 D WifiDataStall: tx tput in kbps: 11000
06-29 09:45:45.567   735  1114 D WifiDataStall: rx tput in kbps: 11000
06-29 09:45:45.567   735  1114 V WifiConfigManager: Updating scan detail cache freq=2447 BSSID=00:13:10:85:fe:01 RSSI=-50 for "AndroidWifi"NONE
06-29 09:45:45.568   735  1114 D WifiThroughputPredictor:  utilization (LLS) 80 isBluetoothConnected: false final utilization: 80
06-29 09:45:45.570   735  1114 D WifiThroughputPredictor:  BW: 0 RSSI: -50 Nss: 1 Mode: 1 symDur: 4000 snrDb 30 bitPerTone: 4500 rate: 54 throughput: 11
06-29 09:45:45.570   735  1114 D WifiThroughputPredictor:  utilization (LLS) 80 isBluetoothConnected: false final utilization: 80
06-29 09:45:45.570   735  1114 D WifiThroughputPredictor:  BW: 0 RSSI: -50 Nss: 1 Mode: 1 symDur: 4000 snrDb 30 bitPerTone: 4500 rate: 54 throughput: 11
06-29 09:45:45.571   735  1114 D WifiThroughputPredictor:  utilization (LLS) 80 isBluetoothConnected: false final utilization: 80
06-29 09:45:45.571   735  1114 D WifiThroughputPredictor:  BW: 0 RSSI: -50 Nss: 1 Mode: 1 symDur: 4000 snrDb 30 bitPerTone: 4500 rate: 54 throughput: 11
06-29 09:45:45.572   735  1114 D WifiThroughputPredictor:  utilization (LLS) 80 isBluetoothConnected: false final utilization: 80
06-29 09:45:45.572   735  1114 D WifiThroughputPredictor:  BW: 0 RSSI: -50 Nss: 1 Mode: 1 symDur: 4000 snrDb 30 bitPerTone: 4500 rate: 54 throughput: 11
06-29 09:45:45.573   735  1114 D WifiScoreCard: BSSID update SIGNAL_POLL ID: 2076487524 SSID: "AndroidWifi", BSSID: 00:13:10:85:fe:01, MAC: 02:15:b2:00:00:00, IP: /10.0.2.16, Security type: 0, Supplicant state: COMPLETED, Wi-Fi standard: legacy, RSSI: -50, Link speed: 1Mbps, Tx Link speed: 1Mbps, Max Supported Tx Link speed: 11Mbps, Rx Link speed: 2Mbps, Max Supported Rx Link speed: 11Mbps, Frequency: 2447MHz, Net ID: 0, Metered hint: false, score: 60, isUsable: true, CarrierMerged: false, SubscriptionId: -1, IsPrimary: 1, Trusted: true, Restricted: false, Ephemeral: false, OEM paid: false, OEM private: false, OSU AP: false, FQDN: <none>, Provider friendly name: <none>, Requesting package name: <none>"AndroidWifi"openMLO Information: , Is TID-To-Link negotiation supported by the AP: false, AP MLD Address: <none>, AP MLO Link Id: <none>, AP MLO Affiliated links: <none>, Vendor Data: <none>
06-29 09:45:45.574   735  1114 D WifiScoreCard: txRate: 1 txSpeed: 1
06-29 09:45:45.575   735  1114 D WifiScoreCard: network update SIGNAL_POLL "AndroidWifi" ID: 443710621 RSSI -50 txSpeed -1
06-29 09:45:45.575   735  1114 D WifiClientModeImpl[78975:wlan0]:  ClientModeImpl$L2ConnectedState screen=on 1 0 "AndroidWifi" 00:13:10:85:fe:01 rssi=-50 f=2447 sc=60 link=1 tx=0.2, 0.0, 0.0 rx=0.2 bcn=0 [on:0 tx:0 rx:0 period:3011] from screen [on:0 period:314917735] score=60
06-29 09:45:47.201   735   847 D ActivityManager: freezing 4276 com.google.android.apps.messaging
06-29 09:45:48.578   735  1114 D WifiClientModeImpl[78975:wlan0]: updateLinkLayerStatsRssiSpeedFrequencyCapabilities rssi=-50 TxLinkspeed=1 freq=2447 RxLinkSpeed=2
06-29 09:45:48.578   735  1114 D WifiDataStall: tx tput in kbps: 11000
06-29 09:45:48.578   735  1114 D WifiDataStall: rx tput in kbps: 11000
06-29 09:45:48.579   735  1114 V WifiConfigManager: Updating scan detail cache freq=2447 BSSID=00:13:10:85:fe:01 RSSI=-50 for "AndroidWifi"NONE
06-29 09:45:48.579   735  1114 D WifiThroughputPredictor:  utilization (LLS) 80 isBluetoothConnected: false final utilization: 80
06-29 09:45:48.579   735  1114 D WifiThroughputPredictor:  BW: 0 RSSI: -50 Nss: 1 Mode: 1 symDur: 4000 snrDb 30 bitPerTone: 4500 rate: 54 throughput: 11
06-29 09:45:48.579   735  1114 D WifiThroughputPredictor:  utilization (LLS) 80 isBluetoothConnected: false final utilization: 80
06-29 09:45:48.579   735  1114 D WifiThroughputPredictor:  BW: 0 RSSI: -50 Nss: 1 Mode: 1 symDur: 4000 snrDb 30 bitPerTone: 4500 rate: 54 throughput: 11
06-29 09:45:48.580   735  1114 D WifiThroughputPredictor:  utilization (LLS) 80 isBluetoothConnected: false final utilization: 80
06-29 09:45:48.581   735  1114 D WifiThroughputPredictor:  BW: 0 RSSI: -50 Nss: 1 Mode: 1 symDur: 4000 snrDb 30 bitPerTone: 4500 rate: 54 throughput: 11
06-29 09:45:48.581   735  1114 D WifiThroughputPredictor:  utilization (LLS) 80 isBluetoothConnected: false final utilization: 80
06-29 09:45:48.581   735  1114 D WifiThroughputPredictor:  BW: 0 RSSI: -50 Nss: 1 Mode: 1 symDur: 4000 snrDb 30 bitPerTone: 4500 rate: 54 throughput: 11
06-29 09:45:48.583   735  1114 D WifiScoreCard: BSSID update SIGNAL_POLL ID: 2076487524 SSID: "AndroidWifi", BSSID: 00:13:10:85:fe:01, MAC: 02:15:b2:00:00:00, IP: /10.0.2.16, Security type: 0, Supplicant state: COMPLETED, Wi-Fi standard: legacy, RSSI: -50, Link speed: 1Mbps, Tx Link speed: 1Mbps, Max Supported Tx Link speed: 11Mbps, Rx Link speed: 2Mbps, Max Supported Rx Link speed: 11Mbps, Frequency: 2447MHz, Net ID: 0, Metered hint: false, score: 60, isUsable: true, CarrierMerged: false, SubscriptionId: -1, IsPrimary: 1, Trusted: true, Restricted: false, Ephemeral: false, OEM paid: false, OEM private: false, OSU AP: false, FQDN: <none>, Provider friendly name: <none>, Requesting package name: <none>"AndroidWifi"openMLO Information: , Is TID-To-Link negotiation supported by the AP: false, AP MLD Address: <none>, AP MLO Link Id: <none>, AP MLO Affiliated links: <none>, Vendor Data: <none>
06-29 09:45:48.583   735  1114 D WifiScoreCard: txRate: 1 txSpeed: 1
06-29 09:45:48.583   735  1114 D WifiScoreCard: network update SIGNAL_POLL "AndroidWifi" ID: 443710621 RSSI -50 txSpeed -1
06-29 09:45:48.585   735  1114 D WifiClientModeImpl[78975:wlan0]:  ClientModeImpl$L2ConnectedState screen=on 1 0 "AndroidWifi" 00:13:10:85:fe:01 rssi=-50 f=2447 sc=60 link=1 tx=0.0, 0.0, 0.0 rx=0.0 bcn=0 [on:0 tx:0 rx:0 period:3009] from screen [on:0 period:314920745] score=60
06-29 09:45:51.061   735   847 D ActivityManager: freezing 2972 com.google.android.gms.unstable
06-29 09:45:51.587   735  1114 D WifiClientModeImpl[78975:wlan0]: updateLinkLayerStatsRssiSpeedFrequencyCapabilities rssi=-50 TxLinkspeed=1 freq=2447 RxLinkSpeed=2
06-29 09:45:51.587   735  1114 D WifiDataStall: tx tput in kbps: 11000
06-29 09:45:51.587   735  1114 D WifiDataStall: rx tput in kbps: 11000
06-29 09:45:51.588   735  1114 V WifiConfigManager: Updating scan detail cache freq=2447 BSSID=00:13:10:85:fe:01 RSSI=-50 for "AndroidWifi"NONE
06-29 09:45:51.588   735  1114 D WifiThroughputPredictor:  utilization (LLS) 80 isBluetoothConnected: false final utilization: 80
06-29 09:45:51.588   735  1114 D WifiThroughputPredictor:  BW: 0 RSSI: -50 Nss: 1 Mode: 1 symDur: 4000 snrDb 30 bitPerTone: 4500 rate: 54 throughput: 11
06-29 09:45:51.588   735  1114 D WifiThroughputPredictor:  utilization (LLS) 80 isBluetoothConnected: false final utilization: 80
06-29 09:45:51.588   735  1114 D WifiThroughputPredictor:  BW: 0 RSSI: -50 Nss: 1 Mode: 1 symDur: 4000 snrDb 30 bitPerTone: 4500 rate: 54 throughput: 11
06-29 09:45:51.589   735  1114 D WifiThroughputPredictor:  utilization (LLS) 80 isBluetoothConnected: false final utilization: 80
06-29 09:45:51.589   735  1114 D WifiThroughputPredictor:  BW: 0 RSSI: -50 Nss: 1 Mode: 1 symDur: 4000 snrDb 30 bitPerTone: 4500 rate: 54 throughput: 11
06-29 09:45:51.589   735  1114 D WifiThroughputPredictor:  utilization (LLS) 80 isBluetoothConnected: false final utilization: 80
06-29 09:45:51.589   735  1114 D WifiThroughputPredictor:  BW: 0 RSSI: -50 Nss: 1 Mode: 1 symDur: 4000 snrDb 30 bitPerTone: 4500 rate: 54 throughput: 11
06-29 09:45:51.591   735  1114 D WifiScoreCard: BSSID update SIGNAL_POLL ID: 2076487524 SSID: "AndroidWifi", BSSID: 00:13:10:85:fe:01, MAC: 02:15:b2:00:00:00, IP: /10.0.2.16, Security type: 0, Supplicant state: COMPLETED, Wi-Fi standard: legacy, RSSI: -50, Link speed: 1Mbps, Tx Link speed: 1Mbps, Max Supported Tx Link speed: 11Mbps, Rx Link speed: 2Mbps, Max Supported Rx Link speed: 11Mbps, Frequency: 2447MHz, Net ID: 0, Metered hint: false, score: 60, isUsable: true, CarrierMerged: false, SubscriptionId: -1, IsPrimary: 1, Trusted: true, Restricted: false, Ephemeral: false, OEM paid: false, OEM private: false, OSU AP: false, FQDN: <none>, Provider friendly name: <none>, Requesting package name: <none>"AndroidWifi"openMLO Information: , Is TID-To-Link negotiation supported by the AP: false, AP MLD Address: <none>, AP MLO Link Id: <none>, AP MLO Affiliated links: <none>, Vendor Data: <none>
06-29 09:45:51.591   735  1114 D WifiScoreCard: txRate: 1 txSpeed: 1
06-29 09:45:51.592   735  1114 D WifiScoreCard: network update SIGNAL_POLL "AndroidWifi" ID: 443710621 RSSI -50 txSpeed -1
06-29 09:45:51.592   735  1114 D WifiClientModeImpl[78975:wlan0]:  ClientModeImpl$L2ConnectedState screen=on 1 0 "AndroidWifi" 00:13:10:85:fe:01 rssi=-50 f=2447 sc=60 link=1 tx=0.0, 0.0, 0.0 rx=0.0 bcn=0 [on:0 tx:0 rx:0 period:3007] from screen [on:0 period:314923752] score=60
06-29 09:45:52.895  1398  1648 D SatelliteController: iisInCarrierRoamingNbIotNtn: satellite is disabled
06-29 09:45:54.596   735  1114 D WifiClientModeImpl[78975:wlan0]: updateLinkLayerStatsRssiSpeedFrequencyCapabilities rssi=-50 TxLinkspeed=1 freq=2447 RxLinkSpeed=2
06-29 09:45:54.597   735  1114 D WifiDataStall: tx tput in kbps: 11000
06-29 09:45:54.597   735  1114 D WifiDataStall: rx tput in kbps: 11000
06-29 09:45:54.598   735  1114 V WifiConfigManager: Updating scan detail cache freq=2447 BSSID=00:13:10:85:fe:01 RSSI=-50 for "AndroidWifi"NONE
06-29 09:45:54.599   735  1114 D WifiThroughputPredictor:  utilization (LLS) 80 isBluetoothConnected: false final utilization: 80
06-29 09:45:54.599   735  1114 D WifiThroughputPredictor:  BW: 0 RSSI: -50 Nss: 1 Mode: 1 symDur: 4000 snrDb 30 bitPerTone: 4500 rate: 54 throughput: 11
06-29 09:45:54.599   735  1114 D WifiThroughputPredictor:  utilization (LLS) 80 isBluetoothConnected: false final utilization: 80
06-29 09:45:54.600   735  1114 D WifiThroughputPredictor:  BW: 0 RSSI: -50 Nss: 1 Mode: 1 symDur: 4000 snrDb 30 bitPerTone: 4500 rate: 54 throughput: 11
06-29 09:45:54.600   735  1114 D WifiThroughputPredictor:  utilization (LLS) 80 isBluetoothConnected: false final utilization: 80
06-29 09:45:54.600   735  1114 D WifiThroughputPredictor:  BW: 0 RSSI: -50 Nss: 1 Mode: 1 symDur: 4000 snrDb 30 bitPerTone: 4500 rate: 54 throughput: 11
06-29 09:45:54.600   735  1114 D WifiThroughputPredictor:  utilization (LLS) 80 isBluetoothConnected: false final utilization: 80
06-29 09:45:54.601   735  1114 D WifiThroughputPredictor:  BW: 0 RSSI: -50 Nss: 1 Mode: 1 symDur: 4000 snrDb 30 bitPerTone: 4500 rate: 54 throughput: 11
06-29 09:45:54.601   735  1114 D WifiScoreCard: BSSID update SIGNAL_POLL ID: 2076487524 SSID: "AndroidWifi", BSSID: 00:13:10:85:fe:01, MAC: 02:15:b2:00:00:00, IP: /10.0.2.16, Security type: 0, Supplicant state: COMPLETED, Wi-Fi standard: legacy, RSSI: -50, Link speed: 1Mbps, Tx Link speed: 1Mbps, Max Supported Tx Link speed: 11Mbps, Rx Link speed: 2Mbps, Max Supported Rx Link speed: 11Mbps, Frequency: 2447MHz, Net ID: 0, Metered hint: false, score: 60, isUsable: true, CarrierMerged: false, SubscriptionId: -1, IsPrimary: 1, Trusted: true, Restricted: false, Ephemeral: false, OEM paid: false, OEM private: false, OSU AP: false, FQDN: <none>, Provider friendly name: <none>, Requesting package name: <none>"AndroidWifi"openMLO Information: , Is TID-To-Link negotiation supported by the AP: false, AP MLD Address: <none>, AP MLO Link Id: <none>, AP MLO Affiliated links: <none>, Vendor Data: <none>
06-29 09:45:54.601   735  1114 D WifiScoreCard: txRate: 1 txSpeed: 1
06-29 09:45:54.602   735  1114 D WifiScoreCard: network update SIGNAL_POLL "AndroidWifi" ID: 443710621 RSSI -50 txSpeed -1
06-29 09:45:54.602   735  1114 D WifiClientModeImpl[78975:wlan0]:  ClientModeImpl$L2ConnectedState screen=on 1 0 "AndroidWifi" 00:13:10:85:fe:01 rssi=-50 f=2447 sc=60 link=1 tx=0.0, 0.0, 0.0 rx=0.0 bcn=0 [on:0 tx:0 rx:0 period:3010] from screen [on:0 period:314926762] score=60
06-29 09:45:57.607   735  1114 D WifiClientModeImpl[78975:wlan0]: updateLinkLayerStatsRssiSpeedFrequencyCapabilities rssi=-50 TxLinkspeed=1 freq=2447 RxLinkSpeed=2
06-29 09:45:57.607   735  1114 D WifiDataStall: tx tput in kbps: 11000
06-29 09:45:57.608   735  1114 D WifiDataStall: rx tput in kbps: 11000
06-29 09:45:57.608   735  1114 V WifiConfigManager: Updating scan detail cache freq=2447 BSSID=00:13:10:85:fe:01 RSSI=-50 for "AndroidWifi"NONE
06-29 09:45:57.608   735  1114 D WifiThroughputPredictor:  utilization (LLS) 80 isBluetoothConnected: false final utilization: 80
06-29 09:45:57.608   735  1114 D WifiThroughputPredictor:  BW: 0 RSSI: -50 Nss: 1 Mode: 1 symDur: 4000 snrDb 30 bitPerTone: 4500 rate: 54 throughput: 11
06-29 09:45:57.608   735  1114 D WifiThroughputPredictor:  utilization (LLS) 80 isBluetoothConnected: false final utilization: 80
06-29 09:45:57.609   735  1114 D WifiThroughputPredictor:  BW: 0 RSSI: -50 Nss: 1 Mode: 1 symDur: 4000 snrDb 30 bitPerTone: 4500 rate: 54 throughput: 11
06-29 09:45:57.609   735  1114 D WifiThroughputPredictor:  utilization (LLS) 80 isBluetoothConnected: false final utilization: 80
06-29 09:45:57.609   735  1114 D WifiThroughputPredictor:  BW: 0 RSSI: -50 Nss: 1 Mode: 1 symDur: 4000 snrDb 30 bitPerTone: 4500 rate: 54 throughput: 11
06-29 09:45:57.609   735  1114 D WifiThroughputPredictor:  utilization (LLS) 80 isBluetoothConnected: false final utilization: 80
06-29 09:45:57.610   735  1114 D WifiThroughputPredictor:  BW: 0 RSSI: -50 Nss: 1 Mode: 1 symDur: 4000 snrDb 30 bitPerTone: 4500 rate: 54 throughput: 11
06-29 09:45:57.611   735  1114 D WifiScoreCard: BSSID update SIGNAL_POLL ID: 2076487524 SSID: "AndroidWifi", BSSID: 00:13:10:85:fe:01, MAC: 02:15:b2:00:00:00, IP: /10.0.2.16, Security type: 0, Supplicant state: COMPLETED, Wi-Fi standard: legacy, RSSI: -50, Link speed: 1Mbps, Tx Link speed: 1Mbps, Max Supported Tx Link speed: 11Mbps, Rx Link speed: 2Mbps, Max Supported Rx Link speed: 11Mbps, Frequency: 2447MHz, Net ID: 0, Metered hint: false, score: 60, isUsable: true, CarrierMerged: false, SubscriptionId: -1, IsPrimary: 1, Trusted: true, Restricted: false, Ephemeral: false, OEM paid: false, OEM private: false, OSU AP: false, FQDN: <none>, Provider friendly name: <none>, Requesting package name: <none>"AndroidWifi"openMLO Information: , Is TID-To-Link negotiation supported by the AP: false, AP MLD Address: <none>, AP MLO Link Id: <none>, AP MLO Affiliated links: <none>, Vendor Data: <none>
06-29 09:45:57.612   735  1114 D WifiScoreCard: txRate: 1 txSpeed: 1
06-29 09:45:57.612   735  1114 D WifiScoreCard: network update SIGNAL_POLL "AndroidWifi" ID: 443710621 RSSI -50 txSpeed -1
06-29 09:45:57.613   735  1114 D WifiClientModeImpl[78975:wlan0]:  ClientModeImpl$L2ConnectedState screen=on 1 0 "AndroidWifi" 00:13:10:85:fe:01 rssi=-50 f=2447 sc=60 link=1 tx=0.0, 0.0, 0.0 rx=0.0 bcn=0 [on:0 tx:0 rx:0 period:3011] from screen [on:0 period:314929773] score=60
06-29 09:46:00.621   735  1114 D WifiClientModeImpl[78975:wlan0]: updateLinkLayerStatsRssiSpeedFrequencyCapabilities rssi=-50 TxLinkspeed=1 freq=2447 RxLinkSpeed=2
06-29 09:46:00.621   735  1114 D WifiDataStall: tx tput in kbps: 11000
06-29 09:46:00.622   735  1114 D WifiDataStall: rx tput in kbps: 11000
06-29 09:46:00.622   735  1114 V WifiConfigManager: Updating scan detail cache freq=2447 BSSID=00:13:10:85:fe:01 RSSI=-50 for "AndroidWifi"NONE
06-29 09:46:00.622   735  1114 D WifiThroughputPredictor:  utilization (LLS) 80 isBluetoothConnected: false final utilization: 80
06-29 09:46:00.622   735  1114 D WifiThroughputPredictor:  BW: 0 RSSI: -50 Nss: 1 Mode: 1 symDur: 4000 snrDb 30 bitPerTone: 4500 rate: 54 throughput: 11
06-29 09:46:00.622   735  1114 D WifiThroughputPredictor:  utilization (LLS) 80 isBluetoothConnected: false final utilization: 80
06-29 09:46:00.622   735  1114 D WifiThroughputPredictor:  BW: 0 RSSI: -50 Nss: 1 Mode: 1 symDur: 4000 snrDb 30 bitPerTone: 4500 rate: 54 throughput: 11
06-29 09:46:00.623   735  1114 D WifiThroughputPredictor:  utilization (LLS) 80 isBluetoothConnected: false final utilization: 80
06-29 09:46:00.623   735  1114 D WifiThroughputPredictor:  BW: 0 RSSI: -50 Nss: 1 Mode: 1 symDur: 4000 snrDb 30 bitPerTone: 4500 rate: 54 throughput: 11
06-29 09:46:00.623   735  1114 D WifiThroughputPredictor:  utilization (LLS) 80 isBluetoothConnected: false final utilization: 80
06-29 09:46:00.623   735  1114 D WifiThroughputPredictor:  BW: 0 RSSI: -50 Nss: 1 Mode: 1 symDur: 4000 snrDb 30 bitPerTone: 4500 rate: 54 throughput: 11
06-29 09:46:00.624   735  1114 D WifiScoreCard: BSSID update SIGNAL_POLL ID: 2076487524 SSID: "AndroidWifi", BSSID: 00:13:10:85:fe:01, MAC: 02:15:b2:00:00:00, IP: /10.0.2.16, Security type: 0, Supplicant state: COMPLETED, Wi-Fi standard: legacy, RSSI: -50, Link speed: 1Mbps, Tx Link speed: 1Mbps, Max Supported Tx Link speed: 11Mbps, Rx Link speed: 2Mbps, Max Supported Rx Link speed: 11Mbps, Frequency: 2447MHz, Net ID: 0, Metered hint: false, score: 60, isUsable: true, CarrierMerged: false, SubscriptionId: -1, IsPrimary: 1, Trusted: true, Restricted: false, Ephemeral: false, OEM paid: false, OEM private: false, OSU AP: false, FQDN: <none>, Provider friendly name: <none>, Requesting package name: <none>"AndroidWifi"openMLO Information: , Is TID-To-Link negotiation supported by the AP: false, AP MLD Address: <none>, AP MLO Link Id: <none>, AP MLO Affiliated links: <none>, Vendor Data: <none>
06-29 09:46:00.625   735  1114 D WifiScoreCard: txRate: 1 txSpeed: 1
06-29 09:46:00.625   735  1114 D WifiScoreCard: network update SIGNAL_POLL "AndroidWifi" ID: 443710621 RSSI -50 txSpeed -1
06-29 09:46:00.626   735  1114 D WifiClientModeImpl[78975:wlan0]:  ClientModeImpl$L2ConnectedState screen=on 1 0 "AndroidWifi" 00:13:10:85:fe:01 rssi=-50 f=2447 sc=60 link=1 tx=0.0, 0.0, 0.0 rx=0.0 bcn=0 [on:0 tx:0 rx:0 period:3013] from screen [on:0 period:314932786] score=60
06-29 09:46:02.217   735   842 W CpuMonitorService: Current CPU frequency (3988586) is greater than maximum CPU frequency (2) for policy ID (0). Skipping CPU frequency policy
06-29 09:46:02.217   735   842 W CpuMonitorService: Current CPU frequency (3989267) is greater than maximum CPU frequency (2) for policy ID (1). Skipping CPU frequency policy
06-29 09:46:02.217   735   842 W CpuMonitorService: Current CPU frequency (3989441) is greater than maximum CPU frequency (2) for policy ID (2). Skipping CPU frequency policy
06-29 09:46:02.217   735   842 W CpuMonitorService: Current CPU frequency (3989249) is greater than maximum CPU frequency (2) for policy ID (3). Skipping CPU frequency policy
06-29 09:46:02.217   735   842 W CpuMonitorService: Current CPU frequency (3988603) is greater than maximum CPU frequency (2) for policy ID (4). Skipping CPU frequency policy
06-29 09:46:02.218   735   842 W CpuMonitorService: Current CPU frequency (3989388) is greater than maximum CPU frequency (2) for policy ID (5). Skipping CPU frequency policy
06-29 09:46:02.895  1398  1648 D SatelliteController: iisInCarrierRoamingNbIotNtn: satellite is disabled
06-29 09:46:03.631   735  1114 D WifiClientModeImpl[78975:wlan0]: updateLinkLayerStatsRssiSpeedFrequencyCapabilities rssi=-50 TxLinkspeed=1 freq=2447 RxLinkSpeed=2
06-29 09:46:03.631   735  1114 D WifiDataStall: tx tput in kbps: 11000
06-29 09:46:03.631   735  1114 D WifiDataStall: rx tput in kbps: 11000
06-29 09:46:03.632   735  1114 V WifiConfigManager: Updating scan detail cache freq=2447 BSSID=00:13:10:85:fe:01 RSSI=-50 for "AndroidWifi"NONE
06-29 09:46:03.632   735  1114 D WifiThroughputPredictor:  utilization (LLS) 80 isBluetoothConnected: false final utilization: 80
06-29 09:46:03.632   735  1114 D WifiThroughputPredictor:  BW: 0 RSSI: -50 Nss: 1 Mode: 1 symDur: 4000 snrDb 30 bitPerTone: 4500 rate: 54 throughput: 11
06-29 09:46:03.632   735  1114 D WifiThroughputPredictor:  utilization (LLS) 80 isBluetoothConnected: false final utilization: 80
06-29 09:46:03.632   735  1114 D WifiThroughputPredictor:  BW: 0 RSSI: -50 Nss: 1 Mode: 1 symDur: 4000 snrDb 30 bitPerTone: 4500 rate: 54 throughput: 11
06-29 09:46:03.633   735  1114 D WifiThroughputPredictor:  utilization (LLS) 80 isBluetoothConnected: false final utilization: 80
06-29 09:46:03.633   735  1114 D WifiThroughputPredictor:  BW: 0 RSSI: -50 Nss: 1 Mode: 1 symDur: 4000 snrDb 30 bitPerTone: 4500 rate: 54 throughput: 11
06-29 09:46:03.633   735  1114 D WifiThroughputPredictor:  utilization (LLS) 80 isBluetoothConnected: false final utilization: 80
06-29 09:46:03.634   735  1114 D WifiThroughputPredictor:  BW: 0 RSSI: -50 Nss: 1 Mode: 1 symDur: 4000 snrDb 30 bitPerTone: 4500 rate: 54 throughput: 11
06-29 09:46:03.635   735  1114 D WifiScoreCard: BSSID update SIGNAL_POLL ID: 2076487524 SSID: "AndroidWifi", BSSID: 00:13:10:85:fe:01, MAC: 02:15:b2:00:00:00, IP: /10.0.2.16, Security type: 0, Supplicant state: COMPLETED, Wi-Fi standard: legacy, RSSI: -50, Link speed: 1Mbps, Tx Link speed: 1Mbps, Max Supported Tx Link speed: 11Mbps, Rx Link speed: 2Mbps, Max Supported Rx Link speed: 11Mbps, Frequency: 2447MHz, Net ID: 0, Metered hint: false, score: 60, isUsable: true, CarrierMerged: false, SubscriptionId: -1, IsPrimary: 1, Trusted: true, Restricted: false, Ephemeral: false, OEM paid: false, OEM private: false, OSU AP: false, FQDN: <none>, Provider friendly name: <none>, Requesting package name: <none>"AndroidWifi"openMLO Information: , Is TID-To-Link negotiation supported by the AP: false, AP MLD Address: <none>, AP MLO Link Id: <none>, AP MLO Affiliated links: <none>, Vendor Data: <none>
06-29 09:46:03.635   735  1114 D WifiScoreCard: txRate: 1 txSpeed: 1
